TLC2 Version 2.19 of 08 August 2024 (rev: 5a47802)
Running breadth-first search Model-Checking with fp 0 and seed 20260907 with 1 worker on 4 cores with 910MB heap and 64MB offheap memory [pid: 244672] (Linux 6.12.101+deb13-amd64 amd64, Eclipse Adoptium 21.0.12.1 x86_64, MSBDiskFPSet, DiskStateQueue).
Parsing file /workspace/.scratch/snmp-switch-formal/group-inline-repro-inputs/GroupedAccessScenarios.tla
Parsing file /workspace/.scratch/snmp-switch-formal/group-inline-repro-inputs/GroupedAccess.tla
Parsing file /workspace/.scratch/snmp-switch-formal/group-inline-repro-inputs/TestSwitch.tla
Parsing file /workspace/.scratch/snmp-switch-formal/group-inline-repro-inputs/Switch.tla
Parsing file /tmp/Integers.tla
Parsing file /tmp/FiniteSets.tla
Parsing file /tmp/Sequences.tla
Parsing file /tmp/Naturals.tla
Parsing file /workspace/.scratch/snmp-switch-formal/group-inline-repro-inputs/SetTransactions.tla
Parsing file /workspace/.scratch/snmp-switch-formal/group-inline-repro-inputs/ReadAccess.tla
Semantic processing of module Naturals
Semantic processing of module Integers
Semantic processing of module Sequences
Semantic processing of module FiniteSets
Semantic processing of module Switch
Semantic processing of module TestSwitch
Semantic processing of module ReadAccess
Semantic processing of module SetTransactions
Semantic processing of module GroupedAccess
Semantic processing of module GroupedAccessScenarios
Starting... (2026-09-08 21:08:54)
Implied-temporal checking--satisfiability problem has 1 branches.
Computing initial states...
Computed 2 initial states...
Computed 4 initial states...
Computed 8 initial states...
Computed 16 initial states...
Computed 32 initial states...
Computed 64 initial states...
Computed 128 initial states...
Computed 256 initial states...
Computed 512 initial states...
Computed 1024 initial states...
Computed 2048 initial states...
Finished computing initial states: 2332 distinct states generated at 2026-09-08 21:08:55.
Checking temporal properties for the current state space with 3601 total distinct states at (2026-09-08 21:08:58)
Finished checking temporal properties in 00s at 2026-09-08 21:08:58
Progress(2) at 2026-09-08 21:08:58: 3,601 states generated (3,601 s/min), 3,601 distinct states found (3,601 ds/min), 2,331 states left on queue.
Error: Invariant MigrationAssertions is violated.
Error: The behavior up to this point is:
State 1: <Initial predicate>
/\ s = [ mode |-> <<"shared">>,
  pending |-> (<<e1, 1>> :> NoJob),
  admin |-> <<TRUE>>,
  exists |-> {e1},
  sources |-> (<<e1, 1>> :> [mac |-> macA, tag |-> Untagged]),
  active |-> {e1},
  attached |-> (e1 :> 1),
  partner |-> <<TRUE>>,
  due |-> (<<e1, 1>> :> 1),
  vlans |-> {1},
  allowed |-> <<{1}>>,
  fdb |->
      ( <<1001, macA>> :> [port |-> NoPort, ttl |-> 0] @@
        <<1010, macA>> :> [port |-> NoPort, ttl |-> 0] ),
  traps |-> <<>>,
  egen |-> (e1 :> 0),
  pgen |-> <<0>>,
  boot |-> 0,
  fault |-> <<FALSE>>,
  pvid |-> <<1>>,
  overflow |-> FALSE,
  vlanNames |-> (1 :> 0 @@ 10 :> 0),
  untagged |-> <<{1}>>,
  forbidden |-> <<{}>>,
  legacy |-> 1,
  paused |-> FALSE,
  phase |-> "idle" ]
/\ cfg = [ users |->
      ( readerA :>
            [ version |-> 2,
              on |-> TRUE,
              key |-> secretB,
              profile |-> 1,
              label |-> 0,
              policy |->
                  [ read |-> [nets |-> {}, on |-> FALSE, view |-> portView],
                    write |->
                        [nets |-> {}, on |-> FALSE, view |-> NoView] ] ] ),
  groups |-> << >>,
  present |-> {portView, vlanView},
  includes |->
      (portView :> {portView, vlanView} @@ vlanView :> {portView, vlanView}),
  targets |-> (targetA :> readerA @@ targetB :> readerA),
  targetOn |-> {targetA, targetB},
  metadata |-> <<"engine-id", "persistent-identity">> ]
/\ gate = TRUE
/\ result = [status |-> "none", index |-> 0]
/\ response = NoResponse
/\ activation = 0
/\ pc = 0
/\ fixture = [kind |-> "newUser", transfer |-> "absent", inline |-> TRUE, persist |-> TRUE]
/\ request = NoRequest
/\ registration = (readerA :> 0 @@ readerB :> 0)
/\ pending = NoPdu
/\ snapshot = snapshotA
/\ audit = NoAudit
/\ revision = 0
/\ origin = [ users |->
      ( readerA :>
            [ version |-> 2,
              on |-> TRUE,
              key |-> secretB,
              profile |-> 1,
              label |-> 0,
              policy |->
                  [ read |-> [nets |-> {}, on |-> FALSE, view |-> portView],
                    write |->
                        [nets |-> {}, on |-> FALSE, view |-> NoView] ] ] ),
  groups |-> << >>,
  present |-> {portView, vlanView},
  includes |->
      (portView :> {portView, vlanView} @@ vlanView :> {portView, vlanView}),
  targets |-> (targetA :> readerA @@ targetB :> readerA),
  targetOn |-> {targetA, targetB},
  metadata |-> <<"engine-id", "persistent-identity">> ]

State 2: <MigrationNext line 93, col 18 to line 93, col 91 of module GroupedAccessScenarios>
/\ s = [ mode |-> <<"shared">>,
  pending |-> (<<e1, 1>> :> NoJob),
  admin |-> <<TRUE>>,
  exists |-> {e1},
  sources |-> (<<e1, 1>> :> [mac |-> macA, tag |-> Untagged]),
  active |-> {e1},
  attached |-> (e1 :> 1),
  partner |-> <<TRUE>>,
  due |-> (<<e1, 1>> :> 1),
  vlans |-> {1},
  allowed |-> <<{1}>>,
  fdb |->
      ( <<1001, macA>> :> [port |-> NoPort, ttl |-> 0] @@
        <<1010, macA>> :> [port |-> NoPort, ttl |-> 0] ),
  traps |-> <<>>,
  egen |-> (e1 :> 0),
  pgen |-> <<0>>,
  boot |-> 0,
  fault |-> <<FALSE>>,
  pvid |-> <<1>>,
  overflow |-> FALSE,
  vlanNames |-> (1 :> 0 @@ 10 :> 0),
  untagged |-> <<{1}>>,
  forbidden |-> <<{}>>,
  legacy |-> 1,
  paused |-> FALSE,
  phase |-> "idle" ]
/\ cfg = [ users |->
      ( readerA :>
            [ version |-> 2,
              on |-> TRUE,
              key |-> secretB,
              profile |-> 1,
              label |-> 0,
              policy |->
                  [ read |-> [nets |-> {}, on |-> FALSE, view |-> portView],
                    write |->
                        [nets |-> {}, on |-> FALSE, view |-> NoView] ] ] @@
        readerB :>
            [ version |-> 3,
              on |-> TRUE,
              key |-> secretA,
              profile |-> 3,
              label |-> 0,
              group |-> NoGroup ] ),
  groups |-> << >>,
  present |-> {portView, vlanView},
  includes |->
      (portView :> {portView, vlanView} @@ vlanView :> {portView, vlanView}),
  targets |-> (targetA :> readerB @@ targetB :> readerB),
  targetOn |-> {targetA, targetB},
  metadata |-> <<"engine-id", "persistent-identity">> ]
/\ gate = TRUE
/\ result = [status |-> "none", index |-> 0]
/\ response = NoResponse
/\ activation = 0
/\ pc = 1
/\ fixture = [kind |-> "newUser", transfer |-> "absent", inline |-> TRUE, persist |-> TRUE]
/\ request = NoRequest
/\ registration = (readerA :> 0 @@ readerB :> 1)
/\ pending = NoPdu
/\ snapshot = snapshotA
/\ audit = [ accepted |-> TRUE,
  before |->
      [ users |->
            ( readerA :>
                  [ version |-> 2,
                    on |-> TRUE,
                    key |-> secretB,
                    profile |-> 1,
                    label |-> 0,
                    policy |->
                        [ read |->
                              [nets |-> {}, on |-> FALSE, view |-> portView],
                          write |->
                              [ nets |-> {},
                                on |-> FALSE,
                                view |-> NoView ] ] ] ),
        groups |-> << >>,
        present |-> {portView, vlanView},
        includes |->
            ( portView :> {portView, vlanView} @@
              vlanView :> {portView, vlanView} ),
        targets |-> (targetA :> readerA @@ targetB :> readerA),
        targetOn |-> {targetA, targetB},
        metadata |-> <<"engine-id", "persistent-identity">> ],
  candidate |->
      [ users |->
            ( readerA :>
                  [ version |-> 2,
                    on |-> TRUE,
                    key |-> secretB,
                    profile |-> 1,
                    label |-> 0,
                    policy |->
                        [ read |->
                              [nets |-> {}, on |-> FALSE, view |-> portView],
                          write |->
                              [ nets |-> {},
                                on |-> FALSE,
                                view |-> NoView ] ] ] @@
              readerB :>
                  [ version |-> 3,
                    on |-> TRUE,
                    key |-> secretA,
                    profile |-> 3,
                    label |-> 0,
                    group |-> NoGroup ] ),
        groups |-> << >>,
        present |-> {portView, vlanView},
        includes |->
            ( portView :> {portView, vlanView} @@
              vlanView :> {portView, vlanView} ),
        targets |-> (targetA :> readerB @@ targetB :> readerB),
        targetOn |-> {targetA, targetB},
        metadata |-> <<"engine-id", "persistent-identity">> ],
  oldRevision |-> 0,
  oldRegistration |-> (readerA :> 0 @@ readerB :> 0) ]
/\ revision = 1
/\ origin = [ users |->
      ( readerA :>
            [ version |-> 2,
              on |-> TRUE,
              key |-> secretB,
              profile |-> 1,
              label |-> 0,
              policy |->
                  [ read |-> [nets |-> {}, on |-> FALSE, view |-> portView],
                    write |->
                        [nets |-> {}, on |-> FALSE, view |-> NoView] ] ] ),
  groups |-> << >>,
  present |-> {portView, vlanView},
  includes |->
      (portView :> {portView, vlanView} @@ vlanView :> {portView, vlanView}),
  targets |-> (targetA :> readerA @@ targetB :> readerA),
  targetOn |-> {targetA, targetB},
  metadata |-> <<"engine-id", "persistent-identity">> ]

State 3: <MigrationNext line 93, col 18 to line 93, col 91 of module GroupedAccessScenarios>
/\ s = [ mode |-> <<"shared">>,
  pending |-> (<<e1, 1>> :> NoJob),
  admin |-> <<TRUE>>,
  exists |-> {e1},
  sources |-> (<<e1, 1>> :> [mac |-> macA, tag |-> Untagged]),
  active |-> {e1},
  attached |-> (e1 :> 1),
  partner |-> <<TRUE>>,
  due |-> (<<e1, 1>> :> 1),
  vlans |-> {1},
  allowed |-> <<{1}>>,
  fdb |->
      ( <<1001, macA>> :> [port |-> NoPort, ttl |-> 0] @@
        <<1010, macA>> :> [port |-> NoPort, ttl |-> 0] ),
  traps |-> <<>>,
  egen |-> (e1 :> 0),
  pgen |-> <<0>>,
  boot |-> 0,
  fault |-> <<FALSE>>,
  pvid |-> <<1>>,
  overflow |-> FALSE,
  vlanNames |-> (1 :> 0 @@ 10 :> 0),
  untagged |-> <<{1}>>,
  forbidden |-> <<{}>>,
  legacy |-> 1,
  paused |-> FALSE,
  phase |-> "idle" ]
/\ cfg = [ users |->
      ( readerA :>
            [ version |-> 2,
              on |-> TRUE,
              key |-> secretB,
              profile |-> 1,
              label |-> 0,
              policy |->
                  [ read |-> [nets |-> {}, on |-> FALSE, view |-> portView],
                    write |->
                        [nets |-> {}, on |-> FALSE, view |-> NoView] ] ] @@
        readerB :>
            [ version |-> 3,
              on |-> TRUE,
              key |-> secretA,
              profile |-> 3,
              label |-> 0,
              group |-> NoGroup ] ),
  groups |-> << >>,
  present |-> {portView, vlanView},
  includes |->
      (portView :> {portView, vlanView} @@ vlanView :> {portView, vlanView}),
  targets |-> (targetA :> readerB @@ targetB :> readerB),
  targetOn |-> {targetA, targetB},
  metadata |-> <<"engine-id", "persistent-identity">> ]
/\ gate = TRUE
/\ result = [status |-> "none", index |-> 0]
/\ response = NoResponse
/\ activation = 0
/\ pc = 2
/\ fixture = [kind |-> "newUser", transfer |-> "absent", inline |-> TRUE, persist |-> TRUE]
/\ request = NoRequest
/\ registration = (readerA :> 0 @@ readerB :> 1)
/\ pending = NoPdu
/\ snapshot = snapshotA
/\ audit = NoAudit
/\ revision = 1
/\ origin = [ users |->
      ( readerA :>
            [ version |-> 2,
              on |-> TRUE,
              key |-> secretB,
              profile |-> 1,
              label |-> 0,
              policy |->
                  [ read |-> [nets |-> {}, on |-> FALSE, view |-> portView],
                    write |->
                        [nets |-> {}, on |-> FALSE, view |-> NoView] ] ] ),
  groups |-> << >>,
  present |-> {portView, vlanView},
  includes |->
      (portView :> {portView, vlanView} @@ vlanView :> {portView, vlanView}),
  targets |-> (targetA :> readerA @@ targetB :> readerA),
  targetOn |-> {targetA, targetB},
  metadata |-> <<"engine-id", "persistent-identity">> ]

4692 states generated, 4692 distinct states found, 2331 states left on queue.
The depth of the complete state graph search is 3.
The average outdegree of the complete state graph is 1 (minimum is 1, the maximum 1 and the 95th percentile is 1).
Checkpointing of run /workspace/.scratch/snmp-switch-formal/runs/groups-inline-repro/states/GroupMigrationConversion/26-09-08-21-08-53
Checkpointing completed at (2026-09-08 21:09:13)
Finished in 20s at (2026-09-08 21:09:13)
