TLC2 Version 2.19 of 08 August 2024 (rev: 5a47802)
Running breadth-first search Model-Checking with fp 0 and seed 20260907 with 1 worker on 4 cores with 1820MB heap and 64MB offheap memory [pid: 195254] (Linux 6.12.101+deb13-amd64 amd64, Eclipse Adoptium 21.0.12.1 x86_64, MSBDiskFPSet, DiskStateQueue).
Parsing file /workspace/.scratch/snmp-switch-formal/check-token-mutation-final/SetTokenEquivalence.tla
Parsing file /workspace/.scratch/snmp-switch-formal/check-token-mutation-final/SetTransactions.tla
Parsing file /workspace/.scratch/snmp-switch-formal/check-token-mutation-final/TestSwitch.tla
Parsing file /workspace/.scratch/snmp-switch-formal/check-token-mutation-final/Switch.tla
Parsing file /tmp/Integers.tla
Parsing file /tmp/FiniteSets.tla
Parsing file /tmp/Sequences.tla
Parsing file /tmp/Naturals.tla
Parsing file /workspace/.scratch/snmp-switch-formal/check-token-mutation-final/ReadAccess.tla
Semantic processing of module Naturals
Semantic processing of module Integers
Semantic processing of module Sequences
Semantic processing of module FiniteSets
Semantic processing of module Switch
Semantic processing of module TestSwitch
Semantic processing of module ReadAccess
Semantic processing of module SetTransactions
Semantic processing of module SetTokenEquivalence
Starting... (2026-09-08 15:37:21)
Computing initial states...
Computed 2 initial states...
Computed 4 initial states...
Error: Invariant TransitionCongruence is violated by the initial state:
/\ viewOf = (readerA :> portView @@ readerB :> vlanView)
/\ targetCredential = (targetA :> NoCredential)
/\ s = [ pending |-> (<<e1, 1>> :> NoJob),
  boot |-> 0,
  vlans |-> {1},
  pvid |-> <<1>>,
  allowed |-> <<{1}>>,
  untagged |-> <<{1}>>,
  admin |-> <<TRUE>>,
  forbidden |-> <<{}>>,
  vlanNames |-> (1 :> 0 @@ 10 :> 0),
  legacy |-> 1,
  fdb |->
      ( <<1001, macA>> :> [port |-> NoPort, ttl |-> 0] @@
        <<1010, macA>> :> [port |-> NoPort, ttl |-> 0] ),
  exists |-> {e1},
  sources |-> (<<e1, 1>> :> [mac |-> macA, tag |-> Untagged]),
  active |-> {e1},
  attached |-> (e1 :> 1),
  mode |-> <<"shared">>,
  partner |-> <<TRUE>>,
  due |-> (<<e1, 1>> :> 1),
  traps |-> <<>>,
  egen |-> (e1 :> 0),
  pgen |-> <<0>>,
  fault |-> <<FALSE>>,
  overflow |-> FALSE,
  paused |-> FALSE,
  phase |-> "idle" ]
/\ presentViews = {portView, vlanView}
/\ registration = (readerA :> 0 @@ readerB :> 0)
/\ enabled = {}
/\ targetEnabled = {}
/\ activation = 0
/\ writing = {}
/\ response = NoResponse
/\ secret = (readerA :> secretA @@ readerB :> secretA)
/\ pending = [ registration |-> 1,
  activation |-> 0,
  credential |-> readerA,
  secret |-> secretA,
  ops |-> <<>>,
  budget |-> TRUE,
  persist |-> TRUE,
  boot |-> 0 ]
/\ polling = {readerA, readerB}
/\ snapshot = snapshotA
/\ request = NoRequest
/\ result = [status |-> "none", index |-> 0]
/\ writeViewOf = (readerA :> NoView @@ readerB :> NoView)
/\ includes = (portView :> {} @@ vlanView :> {})
/\ existing = {readerA, readerB}
/\ gate = TRUE

Finished in 02s at (2026-09-08 15:37:21)
