TLC2 Version 2.19 of 08 August 2024 (rev: 5a47802)
Running breadth-first search Model-Checking with fp 0 and seed 20260907 with 1 worker on 4 cores with 910MB heap and 64MB offheap memory [pid: 218125] (Linux 6.12.101+deb13-amd64 amd64, Eclipse Adoptium 21.0.12.1 x86_64, MSBDiskFPSet, DiskStateQueue).
Parsing file /workspace/.scratch/snmp-switch-formal/check-storage-final/StorageOutcomes.tla
Parsing file /tmp/Naturals.tla
Parsing file /tmp/FiniteSets.tla
Parsing file /tmp/Sequences.tla
Semantic processing of module Naturals
Semantic processing of module Sequences
Semantic processing of module FiniteSets
Semantic processing of module StorageOutcomes
Starting... (2026-09-08 18:13:15)
Implied-temporal checking--satisfiability problem has 2 branches.
Computing initial states...
Finished computing initial states: 1 distinct state generated at 2026-09-08 18:13:15.
Checking 2 branches of temporal properties for the current state space with 12902 total distinct states at (2026-09-08 18:13:18)
Finished checking temporal properties in 00s at 2026-09-08 18:13:18
Progress(8) at 2026-09-08 18:13:18: 161,881 states generated (161,881 s/min), 6,451 distinct states found (6,451 ds/min), 2,603 states left on queue.
Progress(18) at 2026-09-08 18:13:29: 1,105,000 states generated, 25,313 distinct states found, 0 states left on queue.
Checking 2 branches of temporal properties for the complete state space with 50626 total distinct states at (2026-09-08 18:13:29)
Finished checking temporal properties in 01s at 2026-09-08 18:13:30
Model checking completed. No error has been found.
  Estimates of the probability that TLC did not check all reachable states
  because two distinct states had the same fingerprint:
  calculated (optimistic):  val = 1.5E-9
  based on the actual fingerprints:  val = 2.1E-10
1105000 states generated, 25313 distinct states found, 0 states left on queue.
The depth of the complete state graph search is 18.
The average outdegree of the complete state graph is 1 (minimum is 0, the maximum 15 and the 95th percentile is 3).
Finished in 15s at (2026-09-08 18:13:30)
