TLC2 Version 2.19 of 08 August 2024 (rev: 5a47802)
Warning: Please run the Java VM which executes TLC with a throughput optimized garbage collector by passing the "-XX:+UseParallelGC" property.
(Use the -nowarning option to disable this warning.)
Running breadth-first search Model-Checking with fp 0 and seed 20260907 with 1 worker on 4 cores with 1024MB heap and 64MB offheap memory [pid: 192878] (Linux 6.12.101+deb13-amd64 amd64, Eclipse Adoptium 21.0.12.1 x86_64, MSBDiskFPSet, DiskStateQueue).
Parsing file /workspace/.scratch/snmp-switch-formal/runs/current-mutations/switch-mutation-jbrnwyvf/EntityInventory.tla
Parsing file /workspace/.scratch/snmp-switch-formal/runs/current-mutations/switch-mutation-jbrnwyvf/TestSwitch.tla
Parsing file /workspace/.scratch/snmp-switch-formal/runs/current-mutations/switch-mutation-jbrnwyvf/Switch.tla
Parsing file /tmp/Integers.tla
Parsing file /tmp/FiniteSets.tla
Parsing file /tmp/Sequences.tla
Parsing file /tmp/Naturals.tla
Semantic processing of module Naturals
Semantic processing of module Integers
Semantic processing of module Sequences
Semantic processing of module FiniteSets
Semantic processing of module Switch
Semantic processing of module TestSwitch
Semantic processing of module EntityInventory
Starting... (2026-09-08 15:05:29)
Computing initial states...
Error: Invariant MibOK is violated by the initial state:
/\ s = [ boot |-> 0,
  exists |-> {},
  sources |-> (<<e1, 1>> :> NoSource),
  active |-> {},
  attached |-> (e1 :> NoPort),
  mode |-> <<"direct", "direct">>,
  partner |-> <<FALSE, FALSE>>,
  due |-> (<<e1, 1>> :> 0),
  vlans |-> {1},
  allowed |-> <<{1}, {1}>>,
  fdb |->
      ( <<1001, macA>> :> [port |-> NoPort, ttl |-> 0] @@
        <<1001, macB>> :> [port |-> NoPort, ttl |-> 0] ),
  traps |-> <<>>,
  admin |-> <<TRUE, TRUE>>,
  egen |-> (e1 :> 0),
  pgen |-> <<0, 0>>,
  fault |-> <<FALSE, FALSE>>,
  pvid |-> <<1, 1>>,
  pending |-> (<<e1, 1>> :> NoJob),
  overflow |-> FALSE,
  vlanNames |-> <<0>>,
  untagged |-> <<{1}, {1}>>,
  forbidden |-> <<{}, {}>>,
  legacy |-> 1,
  paused |-> FALSE,
  phase |-> "idle" ]
/\ lastChange = 0
/\ clock = 0
/\ description = "A"
/\ chosen = [rows |-> {}, aliases |-> {}, interfaces |-> {}]
/\ names = <<"A", "A", "A">>
/\ observation = [rows |-> << >>, aliases |-> << >>, interfaces |-> << >>, changed |-> 0]

Finished in 00s at (2026-09-08 15:05:30)
