TLC2 Version 2.19 of 08 August 2024 (rev: 5a47802)
Warning: Please run the Java VM which executes TLC with a throughput optimized garbage collector by passing the "-XX:+UseParallelGC" property.
(Use the -nowarning option to disable this warning.)
Running breadth-first search Model-Checking with fp 0 and seed 20260907 with 1 worker on 4 cores with 1024MB heap and 64MB offheap memory [pid: 192712] (Linux 6.12.101+deb13-amd64 amd64, Eclipse Adoptium 21.0.12.1 x86_64, MSBDiskFPSet, DiskStateQueue).
Parsing file /workspace/.scratch/snmp-switch-formal/runs/current-mutations/switch-mutation-ifqzhtdn/Scenarios.tla
Parsing file /workspace/.scratch/snmp-switch-formal/runs/current-mutations/switch-mutation-ifqzhtdn/TestSwitch.tla
Parsing file /workspace/.scratch/snmp-switch-formal/runs/current-mutations/switch-mutation-ifqzhtdn/Switch.tla
Parsing file /tmp/Integers.tla
Parsing file /tmp/FiniteSets.tla
Parsing file /tmp/Sequences.tla
Parsing file /tmp/Naturals.tla
Semantic processing of module Naturals
Semantic processing of module Integers
Semantic processing of module Sequences
Semantic processing of module FiniteSets
Semantic processing of module Switch
Semantic processing of module TestSwitch
Semantic processing of module Scenarios
Starting... (2026-09-08 15:05:23)
Implied-temporal checking--satisfiability problem has 1 branches.
Computing initial states...
Finished computing initial states: 1 distinct state generated at 2026-09-08 15:05:23.
Error: Invariant ScenarioAssertions is violated.
Error: The behavior up to this point is:
State 1: <Initial predicate>
/\ s = [ fdb |->
      ( <<1001, macA>> :> [port |-> NoPort, ttl |-> 0] @@
        <<1001, macB>> :> [port |-> NoPort, ttl |-> 0] @@
        <<1001, macC>> :> [port |-> NoPort, ttl |-> 0] @@
        <<1010, macA>> :> [port |-> NoPort, ttl |-> 0] @@
        <<1010, macB>> :> [port |-> NoPort, ttl |-> 0] @@
        <<1010, macC>> :> [port |-> NoPort, ttl |-> 0] @@
        <<1020, macA>> :> [port |-> NoPort, ttl |-> 0] @@
        <<1020, macB>> :> [port |-> NoPort, ttl |-> 0] @@
        <<1020, macC>> :> [port |-> NoPort, ttl |-> 0] @@
        <<1030, macA>> :> [port |-> NoPort, ttl |-> 0] @@
        <<1030, macB>> :> [port |-> NoPort, ttl |-> 0] @@
        <<1030, macC>> :> [port |-> NoPort, ttl |-> 0] ),
  traps |-> <<>>,
  pvid |-> <<1, 1>>,
  allowed |-> <<{1}, {1}>>,
  legacy |-> 1,
  sources |->
      ( <<e1, 1>> :> NoSource @@
        <<e1, 2>> :> NoSource @@
        <<e1, 3>> :> NoSource @@
        <<e2, 1>> :> NoSource @@
        <<e2, 2>> :> NoSource @@
        <<e2, 3>> :> NoSource ),
  attached |-> (e1 :> NoPort @@ e2 :> NoPort),
  exists |-> {},
  active |-> {},
  fault |-> <<FALSE, FALSE>>,
  paused |-> FALSE,
  overflow |-> FALSE,
  pending |->
      ( <<e1, 1>> :> NoJob @@
        <<e1, 2>> :> NoJob @@
        <<e1, 3>> :> NoJob @@
        <<e2, 1>> :> NoJob @@
        <<e2, 2>> :> NoJob @@
        <<e2, 3>> :> NoJob ),
  mode |-> <<"direct", "direct">>,
  partner |-> <<FALSE, FALSE>>,
  due |->
      ( <<e1, 1>> :> 0 @@
        <<e1, 2>> :> 0 @@
        <<e1, 3>> :> 0 @@
        <<e2, 1>> :> 0 @@
        <<e2, 2>> :> 0 @@
        <<e2, 3>> :> 0 ),
  vlans |-> {1},
  admin |-> <<TRUE, TRUE>>,
  egen |-> (e1 :> 0 @@ e2 :> 0),
  pgen |-> <<0, 0>>,
  boot |-> 0,
  vlanNames |-> (1 :> 0 @@ 10 :> 0 @@ 20 :> 0 @@ 30 :> 0),
  untagged |-> <<{1}, {1}>>,
  forbidden |-> <<{}, {}>>,
  phase |-> "idle" ]
/\ pc = 0

State 2: <ScenarioNext line 110, col 8 to line 123, col 46 of module Scenarios>
/\ s = [ fdb |->
      ( <<1001, macA>> :> [port |-> NoPort, ttl |-> 0] @@
        <<1001, macB>> :> [port |-> NoPort, ttl |-> 0] @@
        <<1001, macC>> :> [port |-> NoPort, ttl |-> 0] @@
        <<1010, macA>> :> [port |-> NoPort, ttl |-> 0] @@
        <<1010, macB>> :> [port |-> NoPort, ttl |-> 0] @@
        <<1010, macC>> :> [port |-> NoPort, ttl |-> 0] @@
        <<1020, macA>> :> [port |-> NoPort, ttl |-> 0] @@
        <<1020, macB>> :> [port |-> NoPort, ttl |-> 0] @@
        <<1020, macC>> :> [port |-> NoPort, ttl |-> 0] @@
        <<1030, macA>> :> [port |-> NoPort, ttl |-> 0] @@
        <<1030, macB>> :> [port |-> NoPort, ttl |-> 0] @@
        <<1030, macC>> :> [port |-> NoPort, ttl |-> 0] ),
  traps |-> <<>>,
  pvid |-> <<1, 1>>,
  allowed |-> <<{1}, {1}>>,
  legacy |-> 1,
  sources |->
      ( <<e1, 1>> :> [mac |-> macA, tag |-> Untagged] @@
        <<e1, 2>> :> NoSource @@
        <<e1, 3>> :> NoSource @@
        <<e2, 1>> :> NoSource @@
        <<e2, 2>> :> NoSource @@
        <<e2, 3>> :> NoSource ),
  attached |-> (e1 :> NoPort @@ e2 :> NoPort),
  exists |-> {e1},
  active |-> {},
  fault |-> <<FALSE, FALSE>>,
  paused |-> FALSE,
  overflow |-> FALSE,
  pending |->
      ( <<e1, 1>> :> NoJob @@
        <<e1, 2>> :> NoJob @@
        <<e1, 3>> :> NoJob @@
        <<e2, 1>> :> NoJob @@
        <<e2, 2>> :> NoJob @@
        <<e2, 3>> :> NoJob ),
  mode |-> <<"direct", "direct">>,
  partner |-> <<FALSE, FALSE>>,
  due |->
      ( <<e1, 1>> :> 1 @@
        <<e1, 2>> :> 0 @@
        <<e1, 3>> :> 0 @@
        <<e2, 1>> :> 0 @@
        <<e2, 2>> :> 0 @@
        <<e2, 3>> :> 0 ),
  vlans |-> {1},
  admin |-> <<TRUE, TRUE>>,
  egen |-> (e1 :> 1 @@ e2 :> 0),
  pgen |-> <<0, 0>>,
  boot |-> 0,
  vlanNames |-> (1 :> 0 @@ 10 :> 0 @@ 20 :> 0 @@ 30 :> 0),
  untagged |-> <<{1}, {1}>>,
  forbidden |-> <<{}, {}>>,
  phase |-> "idle" ]
/\ pc = 1

State 3: <ScenarioNext line 110, col 8 to line 123, col 46 of module Scenarios>
/\ s = [ fdb |->
      ( <<1001, macA>> :> [port |-> NoPort, ttl |-> 0] @@
        <<1001, macB>> :> [port |-> NoPort, ttl |-> 0] @@
        <<1001, macC>> :> [port |-> NoPort, ttl |-> 0] @@
        <<1010, macA>> :> [port |-> NoPort, ttl |-> 0] @@
        <<1010, macB>> :> [port |-> NoPort, ttl |-> 0] @@
        <<1010, macC>> :> [port |-> NoPort, ttl |-> 0] @@
        <<1020, macA>> :> [port |-> NoPort, ttl |-> 0] @@
        <<1020, macB>> :> [port |-> NoPort, ttl |-> 0] @@
        <<1020, macC>> :> [port |-> NoPort, ttl |-> 0] @@
        <<1030, macA>> :> [port |-> NoPort, ttl |-> 0] @@
        <<1030, macB>> :> [port |-> NoPort, ttl |-> 0] @@
        <<1030, macC>> :> [port |-> NoPort, ttl |-> 0] ),
  traps |-> <<>>,
  pvid |-> <<1, 1>>,
  allowed |-> <<{1}, {1}>>,
  legacy |-> 1,
  sources |->
      ( <<e1, 1>> :> [mac |-> macA, tag |-> Untagged] @@
        <<e1, 2>> :> NoSource @@
        <<e1, 3>> :> NoSource @@
        <<e2, 1>> :> NoSource @@
        <<e2, 2>> :> NoSource @@
        <<e2, 3>> :> NoSource ),
  attached |-> (e1 :> NoPort @@ e2 :> NoPort),
  exists |-> {e1},
  active |-> {e1},
  fault |-> <<FALSE, FALSE>>,
  paused |-> FALSE,
  overflow |-> FALSE,
  pending |->
      ( <<e1, 1>> :> NoJob @@
        <<e1, 2>> :> NoJob @@
        <<e1, 3>> :> NoJob @@
        <<e2, 1>> :> NoJob @@
        <<e2, 2>> :> NoJob @@
        <<e2, 3>> :> NoJob ),
  mode |-> <<"direct", "direct">>,
  partner |-> <<FALSE, FALSE>>,
  due |->
      ( <<e1, 1>> :> 1 @@
        <<e1, 2>> :> 0 @@
        <<e1, 3>> :> 0 @@
        <<e2, 1>> :> 0 @@
        <<e2, 2>> :> 0 @@
        <<e2, 3>> :> 0 ),
  vlans |-> {1},
  admin |-> <<TRUE, TRUE>>,
  egen |-> (e1 :> 0 @@ e2 :> 0),
  pgen |-> <<0, 0>>,
  boot |-> 0,
  vlanNames |-> (1 :> 0 @@ 10 :> 0 @@ 20 :> 0 @@ 30 :> 0),
  untagged |-> <<{1}, {1}>>,
  forbidden |-> <<{}, {}>>,
  phase |-> "idle" ]
/\ pc = 2

State 4: <ScenarioNext line 110, col 8 to line 123, col 46 of module Scenarios>
/\ s = [ fdb |->
      ( <<1001, macA>> :> [port |-> NoPort, ttl |-> 0] @@
        <<1001, macB>> :> [port |-> NoPort, ttl |-> 0] @@
        <<1001, macC>> :> [port |-> NoPort, ttl |-> 0] @@
        <<1010, macA>> :> [port |-> NoPort, ttl |-> 0] @@
        <<1010, macB>> :> [port |-> NoPort, ttl |-> 0] @@
        <<1010, macC>> :> [port |-> NoPort, ttl |-> 0] @@
        <<1020, macA>> :> [port |-> NoPort, ttl |-> 0] @@
        <<1020, macB>> :> [port |-> NoPort, ttl |-> 0] @@
        <<1020, macC>> :> [port |-> NoPort, ttl |-> 0] @@
        <<1030, macA>> :> [port |-> NoPort, ttl |-> 0] @@
        <<1030, macB>> :> [port |-> NoPort, ttl |-> 0] @@
        <<1030, macC>> :> [port |-> NoPort, ttl |-> 0] ),
  traps |->
      << [ port |-> 1,
           kind |-> "linkUp",
           ifIndex |-> 101,
           admin |-> TRUE,
           before |-> FALSE,
           after |-> TRUE ] >>,
  pvid |-> <<1, 1>>,
  allowed |-> <<{1}, {1}>>,
  legacy |-> 1,
  sources |->
      ( <<e1, 1>> :> [mac |-> macA, tag |-> Untagged] @@
        <<e1, 2>> :> NoSource @@
        <<e1, 3>> :> NoSource @@
        <<e2, 1>> :> NoSource @@
        <<e2, 2>> :> NoSource @@
        <<e2, 3>> :> NoSource ),
  attached |-> (e1 :> 1 @@ e2 :> NoPort),
  exists |-> {e1},
  active |-> {e1},
  fault |-> <<FALSE, FALSE>>,
  paused |-> FALSE,
  overflow |-> FALSE,
  pending |->
      ( <<e1, 1>> :> NoJob @@
        <<e1, 2>> :> NoJob @@
        <<e1, 3>> :> NoJob @@
        <<e2, 1>> :> NoJob @@
        <<e2, 2>> :> NoJob @@
        <<e2, 3>> :> NoJob ),
  mode |-> <<"direct", "direct">>,
  partner |-> <<FALSE, FALSE>>,
  due |->
      ( <<e1, 1>> :> 1 @@
        <<e1, 2>> :> 0 @@
        <<e1, 3>> :> 0 @@
        <<e2, 1>> :> 0 @@
        <<e2, 2>> :> 0 @@
        <<e2, 3>> :> 0 ),
  vlans |-> {1},
  admin |-> <<TRUE, TRUE>>,
  egen |-> (e1 :> 1 @@ e2 :> 0),
  pgen |-> <<1, 0>>,
  boot |-> 0,
  vlanNames |-> (1 :> 0 @@ 10 :> 0 @@ 20 :> 0 @@ 30 :> 0),
  untagged |-> <<{1}, {1}>>,
  forbidden |-> <<{}, {}>>,
  phase |-> "idle" ]
/\ pc = 3

State 5: <ScenarioNext line 110, col 8 to line 123, col 46 of module Scenarios>
/\ s = [ fdb |->
      ( <<1001, macA>> :> [port |-> NoPort, ttl |-> 0] @@
        <<1001, macB>> :> [port |-> NoPort, ttl |-> 0] @@
        <<1001, macC>> :> [port |-> NoPort, ttl |-> 0] @@
        <<1010, macA>> :> [port |-> NoPort, ttl |-> 0] @@
        <<1010, macB>> :> [port |-> NoPort, ttl |-> 0] @@
        <<1010, macC>> :> [port |-> NoPort, ttl |-> 0] @@
        <<1020, macA>> :> [port |-> NoPort, ttl |-> 0] @@
        <<1020, macB>> :> [port |-> NoPort, ttl |-> 0] @@
        <<1020, macC>> :> [port |-> NoPort, ttl |-> 0] @@
        <<1030, macA>> :> [port |-> NoPort, ttl |-> 0] @@
        <<1030, macB>> :> [port |-> NoPort, ttl |-> 0] @@
        <<1030, macC>> :> [port |-> NoPort, ttl |-> 0] ),
  traps |->
      << [ port |-> 1,
           kind |-> "linkUp",
           ifIndex |-> 101,
           admin |-> TRUE,
           before |-> FALSE,
           after |-> TRUE ] >>,
  pvid |-> <<1, 1>>,
  allowed |-> <<{1}, {1}>>,
  legacy |-> 1,
  sources |->
      ( <<e1, 1>> :> [mac |-> macA, tag |-> Untagged] @@
        <<e1, 2>> :> NoSource @@
        <<e1, 3>> :> NoSource @@
        <<e2, 1>> :> NoSource @@
        <<e2, 2>> :> NoSource @@
        <<e2, 3>> :> NoSource ),
  attached |-> (e1 :> 1 @@ e2 :> NoPort),
  exists |-> {e1},
  active |-> {e1},
  fault |-> <<FALSE, FALSE>>,
  paused |-> FALSE,
  overflow |-> FALSE,
  pending |->
      ( <<e1, 1>> :> NoJob @@
        <<e1, 2>> :> NoJob @@
        <<e1, 3>> :> NoJob @@
        <<e2, 1>> :> NoJob @@
        <<e2, 2>> :> NoJob @@
        <<e2, 3>> :> NoJob ),
  mode |-> <<"direct", "direct">>,
  partner |-> <<FALSE, FALSE>>,
  due |->
      ( <<e1, 1>> :> 0 @@
        <<e1, 2>> :> 0 @@
        <<e1, 3>> :> 0 @@
        <<e2, 1>> :> 0 @@
        <<e2, 2>> :> 0 @@
        <<e2, 3>> :> 0 ),
  vlans |-> {1},
  admin |-> <<TRUE, TRUE>>,
  egen |-> (e1 :> 1 @@ e2 :> 0),
  pgen |-> <<1, 0>>,
  boot |-> 0,
  vlanNames |-> (1 :> 0 @@ 10 :> 0 @@ 20 :> 0 @@ 30 :> 0),
  untagged |-> <<{1}, {1}>>,
  forbidden |-> <<{}, {}>>,
  phase |-> "drain" ]
/\ pc = 4

State 6: <ScenarioNext line 110, col 8 to line 123, col 46 of module Scenarios>
/\ s = [ fdb |->
      ( <<1001, macA>> :> [port |-> NoPort, ttl |-> 0] @@
        <<1001, macB>> :> [port |-> NoPort, ttl |-> 0] @@
        <<1001, macC>> :> [port |-> NoPort, ttl |-> 0] @@
        <<1010, macA>> :> [port |-> NoPort, ttl |-> 0] @@
        <<1010, macB>> :> [port |-> NoPort, ttl |-> 0] @@
        <<1010, macC>> :> [port |-> NoPort, ttl |-> 0] @@
        <<1020, macA>> :> [port |-> NoPort, ttl |-> 0] @@
        <<1020, macB>> :> [port |-> NoPort, ttl |-> 0] @@
        <<1020, macC>> :> [port |-> NoPort, ttl |-> 0] @@
        <<1030, macA>> :> [port |-> NoPort, ttl |-> 0] @@
        <<1030, macB>> :> [port |-> NoPort, ttl |-> 0] @@
        <<1030, macC>> :> [port |-> NoPort, ttl |-> 0] ),
  traps |->
      << [ port |-> 1,
           kind |-> "linkUp",
           ifIndex |-> 101,
           admin |-> TRUE,
           before |-> FALSE,
           after |-> TRUE ] >>,
  pvid |-> <<1, 1>>,
  allowed |-> <<{1}, {1}>>,
  legacy |-> 1,
  sources |->
      ( <<e1, 1>> :> [mac |-> macA, tag |-> Untagged] @@
        <<e1, 2>> :> NoSource @@
        <<e1, 3>> :> NoSource @@
        <<e2, 1>> :> NoSource @@
        <<e2, 2>> :> NoSource @@
        <<e2, 3>> :> NoSource ),
  attached |-> (e1 :> 1 @@ e2 :> NoPort),
  exists |-> {e1},
  active |-> {e1},
  fault |-> <<FALSE, FALSE>>,
  paused |-> FALSE,
  overflow |-> FALSE,
  pending |->
      ( <<e1, 1>> :>
            [ mac |-> macA,
              port |-> 1,
              vlan |-> 1,
              egen |-> 1,
              pgen |-> 1,
              boot |-> 0 ] @@
        <<e1, 2>> :> NoJob @@
        <<e1, 3>> :> NoJob @@
        <<e2, 1>> :> NoJob @@
        <<e2, 2>> :> NoJob @@
        <<e2, 3>> :> NoJob ),
  mode |-> <<"direct", "direct">>,
  partner |-> <<FALSE, FALSE>>,
  due |->
      ( <<e1, 1>> :> 1 @@
        <<e1, 2>> :> 0 @@
        <<e1, 3>> :> 0 @@
        <<e2, 1>> :> 0 @@
        <<e2, 2>> :> 0 @@
        <<e2, 3>> :> 0 ),
  vlans |-> {1},
  admin |-> <<TRUE, TRUE>>,
  egen |-> (e1 :> 1 @@ e2 :> 0),
  pgen |-> <<1, 0>>,
  boot |-> 0,
  vlanNames |-> (1 :> 0 @@ 10 :> 0 @@ 20 :> 0 @@ 30 :> 0),
  untagged |-> <<{1}, {1}>>,
  forbidden |-> <<{}, {}>>,
  phase |-> "drain" ]
/\ pc = 5

State 7: <ScenarioNext line 110, col 8 to line 123, col 46 of module Scenarios>
/\ s = [ fdb |->
      ( <<1001, macA>> :> [port |-> NoPort, ttl |-> 0] @@
        <<1001, macB>> :> [port |-> NoPort, ttl |-> 0] @@
        <<1001, macC>> :> [port |-> NoPort, ttl |-> 0] @@
        <<1010, macA>> :> [port |-> NoPort, ttl |-> 0] @@
        <<1010, macB>> :> [port |-> NoPort, ttl |-> 0] @@
        <<1010, macC>> :> [port |-> NoPort, ttl |-> 0] @@
        <<1020, macA>> :> [port |-> NoPort, ttl |-> 0] @@
        <<1020, macB>> :> [port |-> NoPort, ttl |-> 0] @@
        <<1020, macC>> :> [port |-> NoPort, ttl |-> 0] @@
        <<1030, macA>> :> [port |-> NoPort, ttl |-> 0] @@
        <<1030, macB>> :> [port |-> NoPort, ttl |-> 0] @@
        <<1030, macC>> :> [port |-> NoPort, ttl |-> 0] ),
  traps |->
      << [ port |-> 1,
           kind |-> "linkUp",
           ifIndex |-> 101,
           admin |-> TRUE,
           before |-> FALSE,
           after |-> TRUE ],
         [ port |-> 1,
           kind |-> "linkDown",
           ifIndex |-> 101,
           admin |-> TRUE,
           before |-> TRUE,
           after |-> FALSE ],
         [ port |-> 2,
           kind |-> "linkUp",
           ifIndex |-> 102,
           admin |-> TRUE,
           before |-> FALSE,
           after |-> TRUE ] >>,
  pvid |-> <<1, 1>>,
  allowed |-> <<{1}, {1}>>,
  legacy |-> 1,
  sources |->
      ( <<e1, 1>> :> [mac |-> macA, tag |-> Untagged] @@
        <<e1, 2>> :> NoSource @@
        <<e1, 3>> :> NoSource @@
        <<e2, 1>> :> NoSource @@
        <<e2, 2>> :> NoSource @@
        <<e2, 3>> :> NoSource ),
  attached |-> (e1 :> 2 @@ e2 :> NoPort),
  exists |-> {e1},
  active |-> {e1},
  fault |-> <<FALSE, FALSE>>,
  paused |-> FALSE,
  overflow |-> FALSE,
  pending |->
      ( <<e1, 1>> :>
            [ mac |-> macA,
              port |-> 1,
              vlan |-> 1,
              egen |-> 1,
              pgen |-> 1,
              boot |-> 0 ] @@
        <<e1, 2>> :> NoJob @@
        <<e1, 3>> :> NoJob @@
        <<e2, 1>> :> NoJob @@
        <<e2, 2>> :> NoJob @@
        <<e2, 3>> :> NoJob ),
  mode |-> <<"direct", "direct">>,
  partner |-> <<FALSE, FALSE>>,
  due |->
      ( <<e1, 1>> :> 1 @@
        <<e1, 2>> :> 0 @@
        <<e1, 3>> :> 0 @@
        <<e2, 1>> :> 0 @@
        <<e2, 2>> :> 0 @@
        <<e2, 3>> :> 0 ),
  vlans |-> {1},
  admin |-> <<TRUE, TRUE>>,
  egen |-> (e1 :> 0 @@ e2 :> 0),
  pgen |-> <<0, 1>>,
  boot |-> 0,
  vlanNames |-> (1 :> 0 @@ 10 :> 0 @@ 20 :> 0 @@ 30 :> 0),
  untagged |-> <<{1}, {1}>>,
  forbidden |-> <<{}, {}>>,
  phase |-> "drain" ]
/\ pc = 6

State 8: <ScenarioNext line 110, col 8 to line 123, col 46 of module Scenarios>
/\ s = [ fdb |->
      ( <<1001, macA>> :> [port |-> NoPort, ttl |-> 0] @@
        <<1001, macB>> :> [port |-> NoPort, ttl |-> 0] @@
        <<1001, macC>> :> [port |-> NoPort, ttl |-> 0] @@
        <<1010, macA>> :> [port |-> NoPort, ttl |-> 0] @@
        <<1010, macB>> :> [port |-> NoPort, ttl |-> 0] @@
        <<1010, macC>> :> [port |-> NoPort, ttl |-> 0] @@
        <<1020, macA>> :> [port |-> NoPort, ttl |-> 0] @@
        <<1020, macB>> :> [port |-> NoPort, ttl |-> 0] @@
        <<1020, macC>> :> [port |-> NoPort, ttl |-> 0] @@
        <<1030, macA>> :> [port |-> NoPort, ttl |-> 0] @@
        <<1030, macB>> :> [port |-> NoPort, ttl |-> 0] @@
        <<1030, macC>> :> [port |-> NoPort, ttl |-> 0] ),
  traps |->
      << [ port |-> 1,
           kind |-> "linkUp",
           ifIndex |-> 101,
           admin |-> TRUE,
           before |-> FALSE,
           after |-> TRUE ],
         [ port |-> 1,
           kind |-> "linkDown",
           ifIndex |-> 101,
           admin |-> TRUE,
           before |-> TRUE,
           after |-> FALSE ],
         [ port |-> 2,
           kind |-> "linkUp",
           ifIndex |-> 102,
           admin |-> TRUE,
           before |-> FALSE,
           after |-> TRUE ],
         [ port |-> 1,
           kind |-> "linkUp",
           ifIndex |-> 101,
           admin |-> TRUE,
           before |-> FALSE,
           after |-> TRUE ],
         [ port |-> 2,
           kind |-> "linkDown",
           ifIndex |-> 102,
           admin |-> TRUE,
           before |-> TRUE,
           after |-> FALSE ] >>,
  pvid |-> <<1, 1>>,
  allowed |-> <<{1}, {1}>>,
  legacy |-> 1,
  sources |->
      ( <<e1, 1>> :> [mac |-> macA, tag |-> Untagged] @@
        <<e1, 2>> :> NoSource @@
        <<e1, 3>> :> NoSource @@
        <<e2, 1>> :> NoSource @@
        <<e2, 2>> :> NoSource @@
        <<e2, 3>> :> NoSource ),
  attached |-> (e1 :> 1 @@ e2 :> NoPort),
  exists |-> {e1},
  active |-> {e1},
  fault |-> <<FALSE, FALSE>>,
  paused |-> FALSE,
  overflow |-> FALSE,
  pending |->
      ( <<e1, 1>> :>
            [ mac |-> macA,
              port |-> 1,
              vlan |-> 1,
              egen |-> 1,
              pgen |-> 1,
              boot |-> 0 ] @@
        <<e1, 2>> :> NoJob @@
        <<e1, 3>> :> NoJob @@
        <<e2, 1>> :> NoJob @@
        <<e2, 2>> :> NoJob @@
        <<e2, 3>> :> NoJob ),
  mode |-> <<"direct", "direct">>,
  partner |-> <<FALSE, FALSE>>,
  due |->
      ( <<e1, 1>> :> 1 @@
        <<e1, 2>> :> 0 @@
        <<e1, 3>> :> 0 @@
        <<e2, 1>> :> 0 @@
        <<e2, 2>> :> 0 @@
        <<e2, 3>> :> 0 ),
  vlans |-> {1},
  admin |-> <<TRUE, TRUE>>,
  egen |-> (e1 :> 2 @@ e2 :> 0),
  pgen |-> <<2, 0>>,
  boot |-> 0,
  vlanNames |-> (1 :> 0 @@ 10 :> 0 @@ 20 :> 0 @@ 30 :> 0),
  untagged |-> <<{1}, {1}>>,
  forbidden |-> <<{}, {}>>,
  phase |-> "drain" ]
/\ pc = 7

State 9: <ScenarioNext line 110, col 8 to line 123, col 46 of module Scenarios>
/\ s = [ fdb |->
      ( <<1001, macA>> :> [port |-> 1, ttl |-> 2] @@
        <<1001, macB>> :> [port |-> NoPort, ttl |-> 0] @@
        <<1001, macC>> :> [port |-> NoPort, ttl |-> 0] @@
        <<1010, macA>> :> [port |-> NoPort, ttl |-> 0] @@
        <<1010, macB>> :> [port |-> NoPort, ttl |-> 0] @@
        <<1010, macC>> :> [port |-> NoPort, ttl |-> 0] @@
        <<1020, macA>> :> [port |-> NoPort, ttl |-> 0] @@
        <<1020, macB>> :> [port |-> NoPort, ttl |-> 0] @@
        <<1020, macC>> :> [port |-> NoPort, ttl |-> 0] @@
        <<1030, macA>> :> [port |-> NoPort, ttl |-> 0] @@
        <<1030, macB>> :> [port |-> NoPort, ttl |-> 0] @@
        <<1030, macC>> :> [port |-> NoPort, ttl |-> 0] ),
  traps |->
      << [ port |-> 1,
           kind |-> "linkUp",
           ifIndex |-> 101,
           admin |-> TRUE,
           before |-> FALSE,
           after |-> TRUE ],
         [ port |-> 1,
           kind |-> "linkDown",
           ifIndex |-> 101,
           admin |-> TRUE,
           before |-> TRUE,
           after |-> FALSE ],
         [ port |-> 2,
           kind |-> "linkUp",
           ifIndex |-> 102,
           admin |-> TRUE,
           before |-> FALSE,
           after |-> TRUE ],
         [ port |-> 1,
           kind |-> "linkUp",
           ifIndex |-> 101,
           admin |-> TRUE,
           before |-> FALSE,
           after |-> TRUE ],
         [ port |-> 2,
           kind |-> "linkDown",
           ifIndex |-> 102,
           admin |-> TRUE,
           before |-> TRUE,
           after |-> FALSE ] >>,
  pvid |-> <<1, 1>>,
  allowed |-> <<{1}, {1}>>,
  legacy |-> 1,
  sources |->
      ( <<e1, 1>> :> [mac |-> macA, tag |-> Untagged] @@
        <<e1, 2>> :> NoSource @@
        <<e1, 3>> :> NoSource @@
        <<e2, 1>> :> NoSource @@
        <<e2, 2>> :> NoSource @@
        <<e2, 3>> :> NoSource ),
  attached |-> (e1 :> 1 @@ e2 :> NoPort),
  exists |-> {e1},
  active |-> {e1},
  fault |-> <<FALSE, FALSE>>,
  paused |-> FALSE,
  overflow |-> FALSE,
  pending |->
      ( <<e1, 1>> :> NoJob @@
        <<e1, 2>> :> NoJob @@
        <<e1, 3>> :> NoJob @@
        <<e2, 1>> :> NoJob @@
        <<e2, 2>> :> NoJob @@
        <<e2, 3>> :> NoJob ),
  mode |-> <<"direct", "direct">>,
  partner |-> <<FALSE, FALSE>>,
  due |->
      ( <<e1, 1>> :> 1 @@
        <<e1, 2>> :> 0 @@
        <<e1, 3>> :> 0 @@
        <<e2, 1>> :> 0 @@
        <<e2, 2>> :> 0 @@
        <<e2, 3>> :> 0 ),
  vlans |-> {1},
  admin |-> <<TRUE, TRUE>>,
  egen |-> (e1 :> 2 @@ e2 :> 0),
  pgen |-> <<2, 0>>,
  boot |-> 0,
  vlanNames |-> (1 :> 0 @@ 10 :> 0 @@ 20 :> 0 @@ 30 :> 0),
  untagged |-> <<{1}, {1}>>,
  forbidden |-> <<{}, {}>>,
  phase |-> "drain" ]
/\ pc = 8

9 states generated, 9 distinct states found, 0 states left on queue.
The depth of the complete state graph search is 9.
The average outdegree of the complete state graph is 1 (minimum is 1, the maximum 1 and the 95th percentile is 1).
Finished in 00s at (2026-09-08 15:05:23)
