TLC2 Version 2.19 of 08 August 2024 (rev: 5a47802)
Running breadth-first search Model-Checking with fp 0 and seed 20260907 with 1 worker on 4 cores with 910MB heap and 64MB offheap memory [pid: 199470] (Linux 6.12.101+deb13-amd64 amd64, Eclipse Adoptium 21.0.12.1 x86_64, MSBDiskFPSet, DiskStateQueue).
Parsing file /workspace/.scratch/snmp-switch-formal/check-response-mutation-cleanup_by_numeric_ref/SetResponseScenarios.tla
Parsing file /workspace/.scratch/snmp-switch-formal/check-response-mutation-cleanup_by_numeric_ref/SetTransactions.tla
Parsing file /workspace/.scratch/snmp-switch-formal/check-response-mutation-cleanup_by_numeric_ref/TestSwitch.tla
Parsing file /workspace/.scratch/snmp-switch-formal/check-response-mutation-cleanup_by_numeric_ref/Switch.tla
Parsing file /tmp/Integers.tla
Parsing file /tmp/FiniteSets.tla
Parsing file /tmp/Sequences.tla
Parsing file /tmp/Naturals.tla
Parsing file /workspace/.scratch/snmp-switch-formal/check-response-mutation-cleanup_by_numeric_ref/SetResponseLifecycle.tla
Parsing file /workspace/.scratch/snmp-switch-formal/check-response-mutation-cleanup_by_numeric_ref/ReadAccess.tla
Semantic processing of module Naturals
Semantic processing of module Integers
Semantic processing of module Sequences
Semantic processing of module FiniteSets
Semantic processing of module Switch
Semantic processing of module TestSwitch
Semantic processing of module ReadAccess
Semantic processing of module SetTransactions
Semantic processing of module SetResponseLifecycle
Semantic processing of module SetResponseScenarios
Starting... (2026-09-08 16:33:40)
Implied-temporal checking--satisfiability problem has 3 branches.
Computing initial states...
Computed 2 initial states...
Computed 4 initial states...
Computed 8 initial states...
Computed 16 initial states...
Finished computing initial states: 19 distinct states generated at 2026-09-08 16:33:40.
Error: Action property R!CleanupPreservesForeign is violated.
Error: The behavior up to this point is:
State 1: <Initial predicate>
/\ viewOf = (readerA :> portView @@ readerB :> vlanView)
/\ targetCredential = (targetA :> NoCredential)
/\ s = [ phase |-> "idle",
  pending |-> (<<e1, 1>> :> NoJob),
  admin |-> <<TRUE>>,
  vlans |-> {1},
  pvid |-> <<1>>,
  allowed |-> <<{1}>>,
  untagged |-> <<{1}>>,
  forbidden |-> <<{}>>,
  vlanNames |-> (1 :> 0 @@ 10 :> 0),
  legacy |-> 1,
  boot |-> 0,
  fdb |->
      ( <<1001, macA>> :> [port |-> NoPort, ttl |-> 0] @@
        <<1010, macA>> :> [port |-> NoPort, ttl |-> 0] ),
  exists |-> {e1},
  sources |-> (<<e1, 1>> :> [mac |-> macA, tag |-> Untagged]),
  active |-> {e1},
  attached |-> (e1 :> 1),
  mode |-> <<"shared">>,
  partner |-> <<TRUE>>,
  due |-> (<<e1, 1>> :> 1),
  traps |-> <<>>,
  egen |-> (e1 :> 0),
  pgen |-> <<0>>,
  fault |-> <<FALSE>>,
  overflow |-> FALSE,
  paused |-> FALSE ]
/\ scenario = "wrongMpOwner"
/\ presentViews = {portView, vlanView}
/\ registration = (readerA :> 0 @@ readerB :> 0)
/\ enabled = {readerA, readerB}
/\ targetEnabled = {}
/\ activation = 0
/\ writing = {}
/\ response = NoResponse
/\ secret = (readerA :> secretA @@ readerB :> secretA)
/\ pending = NoPdu
/\ polling = {readerA, readerB}
/\ frozen = [ phase |-> "idle",
  pending |-> (<<e1, 1>> :> NoJob),
  admin |-> <<TRUE>>,
  vlans |-> {1},
  pvid |-> <<1>>,
  allowed |-> <<{1}>>,
  untagged |-> <<{1}>>,
  forbidden |-> <<{}>>,
  vlanNames |-> (1 :> 0 @@ 10 :> 0),
  legacy |-> 1,
  boot |-> 0,
  fdb |->
      ( <<1001, macA>> :> [port |-> NoPort, ttl |-> 0] @@
        <<1010, macA>> :> [port |-> NoPort, ttl |-> 0] ),
  exists |-> {e1},
  sources |-> (<<e1, 1>> :> [mac |-> macA, tag |-> Untagged]),
  active |-> {e1},
  attached |-> (e1 :> 1),
  mode |-> <<"shared">>,
  partner |-> <<TRUE>>,
  due |-> (<<e1, 1>> :> 1),
  traps |-> <<>>,
  egen |-> (e1 :> 0),
  pgen |-> <<0>>,
  fault |-> <<FALSE>>,
  overflow |-> FALSE,
  paused |-> FALSE ]
/\ snapshot = snapshotA
/\ request = NoRequest
/\ life = [ phase |-> "queued",
  terminalCount |-> 0,
  didCommit |-> FALSE,
  diagnostic |-> FALSE,
  mpPops |-> 0,
  securityPops |-> 0,
  sendAttempts |-> 0,
  security |->
      [engine |-> "e0", owner |-> "sec0", reference |-> 0, record |-> "A"],
  mp |-> [engine |-> "e0", owner |-> "mp0", reference |-> 0, record |-> "A"],
  admission |-> TRUE,
  delivery |-> "none",
  kind |-> "noop",
  engine |-> "e0",
  ticket |->
      [ security |->
            [ engine |-> "e0",
              owner |-> "sec0",
              reference |-> 0,
              record |-> "A" ],
        mp |->
            [engine |-> "e0", owner |-> "mp0", reference |-> 0, record |-> "A"],
        engine |-> "e0" ],
  current |-> TRUE,
  outgoing |-> FALSE,
  disposition |-> "none",
  lastAction |-> "init" ]
/\ pc = 0
/\ result = [status |-> "none", index |-> 0]
/\ writeViewOf = (readerA :> NoView @@ readerB :> NoView)
/\ includes = (portView :> {portView, vlanView} @@ vlanView :> {portView, vlanView})
/\ existing = {readerA, readerB}
/\ gate = TRUE

State 2: <ReuseNext line 107, col 14 to line 107, col 95 of module SetResponseScenarios>
/\ viewOf = (readerA :> portView @@ readerB :> vlanView)
/\ targetCredential = (targetA :> NoCredential)
/\ s = [ phase |-> "idle",
  pending |-> (<<e1, 1>> :> NoJob),
  admin |-> <<TRUE>>,
  vlans |-> {1},
  pvid |-> <<1>>,
  allowed |-> <<{1}>>,
  untagged |-> <<{1}>>,
  forbidden |-> <<{}>>,
  vlanNames |-> (1 :> 0 @@ 10 :> 0),
  legacy |-> 1,
  boot |-> 0,
  fdb |->
      ( <<1001, macA>> :> [port |-> NoPort, ttl |-> 0] @@
        <<1010, macA>> :> [port |-> NoPort, ttl |-> 0] ),
  exists |-> {e1},
  sources |-> (<<e1, 1>> :> [mac |-> macA, tag |-> Untagged]),
  active |-> {e1},
  attached |-> (e1 :> 1),
  mode |-> <<"shared">>,
  partner |-> <<TRUE>>,
  due |-> (<<e1, 1>> :> 1),
  traps |-> <<>>,
  egen |-> (e1 :> 0),
  pgen |-> <<0>>,
  fault |-> <<FALSE>>,
  overflow |-> FALSE,
  paused |-> FALSE ]
/\ scenario = "wrongMpOwner"
/\ presentViews = {portView, vlanView}
/\ registration = (readerA :> 0 @@ readerB :> 0)
/\ enabled = {readerA, readerB}
/\ targetEnabled = {}
/\ activation = 0
/\ writing = {}
/\ response = NoResponse
/\ secret = (readerA :> secretA @@ readerB :> secretA)
/\ pending = NoPdu
/\ polling = {readerA, readerB}
/\ frozen = [ phase |-> "idle",
  pending |-> (<<e1, 1>> :> NoJob),
  admin |-> <<TRUE>>,
  vlans |-> {1},
  pvid |-> <<1>>,
  allowed |-> <<{1}>>,
  untagged |-> <<{1}>>,
  forbidden |-> <<{}>>,
  vlanNames |-> (1 :> 0 @@ 10 :> 0),
  legacy |-> 1,
  boot |-> 0,
  fdb |->
      ( <<1001, macA>> :> [port |-> NoPort, ttl |-> 0] @@
        <<1010, macA>> :> [port |-> NoPort, ttl |-> 0] ),
  exists |-> {e1},
  sources |-> (<<e1, 1>> :> [mac |-> macA, tag |-> Untagged]),
  active |-> {e1},
  attached |-> (e1 :> 1),
  mode |-> <<"shared">>,
  partner |-> <<TRUE>>,
  due |-> (<<e1, 1>> :> 1),
  traps |-> <<>>,
  egen |-> (e1 :> 0),
  pgen |-> <<0>>,
  fault |-> <<FALSE>>,
  overflow |-> FALSE,
  paused |-> FALSE ]
/\ snapshot = snapshotA
/\ request = NoRequest
/\ life = [ phase |-> "queued",
  terminalCount |-> 0,
  didCommit |-> FALSE,
  diagnostic |-> FALSE,
  mpPops |-> 0,
  securityPops |-> 0,
  sendAttempts |-> 0,
  security |->
      [engine |-> "e0", owner |-> "sec0", reference |-> 0, record |-> "A"],
  mp |-> [engine |-> "e0", owner |-> "mp1", reference |-> 0, record |-> "A"],
  admission |-> TRUE,
  delivery |-> "none",
  kind |-> "noop",
  engine |-> "e0",
  ticket |->
      [ security |->
            [ engine |-> "e0",
              owner |-> "sec0",
              reference |-> 0,
              record |-> "A" ],
        mp |->
            [engine |-> "e0", owner |-> "mp0", reference |-> 0, record |-> "A"],
        engine |-> "e0" ],
  current |-> TRUE,
  outgoing |-> FALSE,
  disposition |-> "none",
  lastAction |-> "wrongMpOwner" ]
/\ pc = 1
/\ result = [status |-> "none", index |-> 0]
/\ writeViewOf = (readerA :> NoView @@ readerB :> NoView)
/\ includes = (portView :> {portView, vlanView} @@ vlanView :> {portView, vlanView})
/\ existing = {readerA, readerB}
/\ gate = TRUE

State 3: <ReuseNext line 107, col 14 to line 107, col 95 of module SetResponseScenarios>
/\ viewOf = (readerA :> portView @@ readerB :> vlanView)
/\ targetCredential = (targetA :> NoCredential)
/\ s = [ phase |-> "idle",
  pending |-> (<<e1, 1>> :> NoJob),
  admin |-> <<TRUE>>,
  vlans |-> {1},
  pvid |-> <<1>>,
  allowed |-> <<{1}>>,
  untagged |-> <<{1}>>,
  forbidden |-> <<{}>>,
  vlanNames |-> (1 :> 0 @@ 10 :> 0),
  legacy |-> 1,
  boot |-> 0,
  fdb |->
      ( <<1001, macA>> :> [port |-> NoPort, ttl |-> 0] @@
        <<1010, macA>> :> [port |-> NoPort, ttl |-> 0] ),
  exists |-> {e1},
  sources |-> (<<e1, 1>> :> [mac |-> macA, tag |-> Untagged]),
  active |-> {e1},
  attached |-> (e1 :> 1),
  mode |-> <<"shared">>,
  partner |-> <<TRUE>>,
  due |-> (<<e1, 1>> :> 1),
  traps |-> <<>>,
  egen |-> (e1 :> 0),
  pgen |-> <<0>>,
  fault |-> <<FALSE>>,
  overflow |-> FALSE,
  paused |-> FALSE ]
/\ scenario = "wrongMpOwner"
/\ presentViews = {portView, vlanView}
/\ registration = (readerA :> 0 @@ readerB :> 0)
/\ enabled = {readerA, readerB}
/\ targetEnabled = {}
/\ activation = 0
/\ writing = {}
/\ response = NoResponse
/\ secret = (readerA :> secretA @@ readerB :> secretA)
/\ pending = NoPdu
/\ polling = {readerA, readerB}
/\ frozen = [ phase |-> "idle",
  pending |-> (<<e1, 1>> :> NoJob),
  admin |-> <<TRUE>>,
  vlans |-> {1},
  pvid |-> <<1>>,
  allowed |-> <<{1}>>,
  untagged |-> <<{1}>>,
  forbidden |-> <<{}>>,
  vlanNames |-> (1 :> 0 @@ 10 :> 0),
  legacy |-> 1,
  boot |-> 0,
  fdb |->
      ( <<1001, macA>> :> [port |-> NoPort, ttl |-> 0] @@
        <<1010, macA>> :> [port |-> NoPort, ttl |-> 0] ),
  exists |-> {e1},
  sources |-> (<<e1, 1>> :> [mac |-> macA, tag |-> Untagged]),
  active |-> {e1},
  attached |-> (e1 :> 1),
  mode |-> <<"shared">>,
  partner |-> <<TRUE>>,
  due |-> (<<e1, 1>> :> 1),
  traps |-> <<>>,
  egen |-> (e1 :> 0),
  pgen |-> <<0>>,
  fault |-> <<FALSE>>,
  overflow |-> FALSE,
  paused |-> FALSE ]
/\ snapshot = snapshotA
/\ request = NoRequest
/\ life = [ phase |-> "terminal",
  terminalCount |-> 1,
  didCommit |-> FALSE,
  diagnostic |-> TRUE,
  mpPops |-> 0,
  securityPops |-> 1,
  sendAttempts |-> 0,
  security |-> NoEntry,
  mp |-> NoEntry,
  admission |-> TRUE,
  delivery |-> "canceled",
  kind |-> "noop",
  engine |-> "e0",
  ticket |-> NoTicket,
  current |-> TRUE,
  outgoing |-> FALSE,
  disposition |-> "discard",
  lastAction |-> "ownershipError" ]
/\ pc = 2
/\ result = [status |-> "none", index |-> 0]
/\ writeViewOf = (readerA :> NoView @@ readerB :> NoView)
/\ includes = (portView :> {portView, vlanView} @@ vlanView :> {portView, vlanView})
/\ existing = {readerA, readerB}
/\ gate = TRUE

39 states generated, 39 distinct states found, 18 states left on queue.
The depth of the complete state graph search is 3.
The average outdegree of the complete state graph is 1 (minimum is 1, the maximum 1 and the 95th percentile is 1).
Checkpointing of run /workspace/.scratch/snmp-switch-formal/runs/response-mutation-cleanup_by_numeric_ref/states/SetResponseReuse/26-09-08-16-33-38
Checkpointing completed at (2026-09-08 16:33:40)
Finished in 01s at (2026-09-08 16:33:40)
