TLC2 Version 2.19 of 08 August 2024 (rev: 5a47802)
Running breadth-first search Model-Checking with fp 0 and seed 20260907 with 1 worker on 4 cores with 910MB heap and 64MB offheap memory [pid: 202504] (Linux 6.12.101+deb13-amd64 amd64, Eclipse Adoptium 21.0.12.1 x86_64, MSBDiskFPSet, DiskStateQueue).
Parsing file /workspace/.scratch/snmp-switch-formal/check-entry-initial/SetResponseLifecycle.tla
Parsing file /tmp/Naturals.tla
Parsing file /tmp/FiniteSets.tla
Parsing file /tmp/Sequences.tla
Semantic processing of module Naturals
Semantic processing of module Sequences
Semantic processing of module FiniteSets
Semantic processing of module SetResponseLifecycle
Starting... (2026-09-08 17:04:19)
Implied-temporal checking--satisfiability problem has 1 branches.
Computing initial states...
Computed 2 initial states...
Computed 4 initial states...
Finished computing initial states: 5 distinct states generated at 2026-09-08 17:04:19.
Progress(11) at 2026-09-08 17:04:22: 210,495 states generated, 23,175 distinct states found, 0 states left on queue.
Checking temporal properties for the complete state space with 23175 total distinct states at (2026-09-08 17:04:22)
Finished checking temporal properties in 00s at 2026-09-08 17:04:22
Model checking completed. No error has been found.
  Estimates of the probability that TLC did not check all reachable states
  because two distinct states had the same fingerprint:
  calculated (optimistic):  val = 2.4E-10
  based on the actual fingerprints:  val = 4.1E-11
210495 states generated, 23175 distinct states found, 0 states left on queue.
The depth of the complete state graph search is 11.
The average outdegree of the complete state graph is 1 (minimum is 0, the maximum 12 and the 95th percentile is 7).
Finished in 04s at (2026-09-08 17:04:22)
