TLC2 Version 2.19 of 08 August 2024 (rev: 5a47802)
Running breadth-first search Model-Checking with fp 0 and seed 20260907 with 1 worker on 4 cores with 910MB heap and 64MB offheap memory [pid: 202584] (Linux 6.12.101+deb13-amd64 amd64, Eclipse Adoptium 21.0.12.1 x86_64, MSBDiskFPSet, DiskStateQueue).
Parsing file /workspace/.scratch/snmp-switch-formal/check-entry-initial/SetResponseScenarios.tla
Parsing file /workspace/.scratch/snmp-switch-formal/check-entry-initial/SetTransactions.tla
Parsing file /workspace/.scratch/snmp-switch-formal/check-entry-initial/TestSwitch.tla
Parsing file /workspace/.scratch/snmp-switch-formal/check-entry-initial/Switch.tla
Parsing file /tmp/Integers.tla
Parsing file /tmp/FiniteSets.tla
Parsing file /tmp/Sequences.tla
Parsing file /tmp/Naturals.tla
Parsing file /workspace/.scratch/snmp-switch-formal/check-entry-initial/SetResponseLifecycle.tla
Parsing file /workspace/.scratch/snmp-switch-formal/check-entry-initial/ReadAccess.tla
Semantic processing of module Naturals
Semantic processing of module Integers
Semantic processing of module Sequences
Semantic processing of module FiniteSets
Semantic processing of module Switch
Semantic processing of module TestSwitch
Semantic processing of module ReadAccess
Semantic processing of module SetTransactions
Semantic processing of module SetResponseLifecycle
Semantic processing of module SetResponseScenarios
Starting... (2026-09-08 17:04:24)
Implied-temporal checking--satisfiability problem has 3 branches.
Computing initial states...
Computed 2 initial states...
Computed 4 initial states...
Computed 8 initial states...
Finished computing initial states: 14 distinct states generated at 2026-09-08 17:04:25.
Progress(8) at 2026-09-08 17:04:25: 115 states generated, 101 distinct states found, 0 states left on queue.
Checking 3 branches of temporal properties for the complete state space with 303 total distinct states at (2026-09-08 17:04:25)
Finished checking temporal properties in 00s at 2026-09-08 17:04:25
Model checking completed. No error has been found.
  Estimates of the probability that TLC did not check all reachable states
  because two distinct states had the same fingerprint:
  calculated (optimistic):  val = 7.7E-17
115 states generated, 101 distinct states found, 0 states left on queue.
The depth of the complete state graph search is 8.
The average outdegree of the complete state graph is 1 (minimum is 0, the maximum 1 and the 95th percentile is 1).
Finished in 01s at (2026-09-08 17:04:25)
