TLC2 Version 2.19 of 08 August 2024 (rev: 5a47802)
Running breadth-first search Model-Checking with fp 0 and seed 20260907 with 1 worker on 4 cores with 910MB heap and 64MB offheap memory [pid: 217247] (Linux 6.12.101+deb13-amd64 amd64, Eclipse Adoptium 21.0.12.1 x86_64, MSBDiskFPSet, DiskStateQueue).
Parsing file /workspace/.scratch/snmp-switch-formal/check-storage-initial/StorageOutcomes.tla
Parsing file /tmp/Naturals.tla
Parsing file /tmp/FiniteSets.tla
Parsing file /tmp/Sequences.tla
Semantic processing of module Naturals
Semantic processing of module Sequences
Semantic processing of module FiniteSets
Semantic processing of module StorageOutcomes
Starting... (2026-09-08 18:07:20)
Implied-temporal checking--satisfiability problem has 2 branches.
Computing initial states...
Finished computing initial states: 1 distinct state generated at 2026-09-08 18:07:20.
Error: Successor state is not completely specified by the next-state action. The following variables are not assigned: seen, work.

Error: The behavior up to this point is:
State 1: <Initial predicate>
/\ work = NoWork
/\ store = [ open |-> TRUE,
  health |-> "healthy",
  incarnation |-> 0,
  published |-> [primary |-> FALSE, secondary |-> FALSE],
  durable |-> [primary |-> FALSE, secondary |-> FALSE],
  transaction |-> NoVersion,
  runtime |-> FALSE,
  sent |-> FALSE ]
/\ pc = 0
/\ scenario = "graph"
/\ deliveryStage = "afterRestart"
/\ result = [status |-> "none", index |-> 0]
/\ anchor = NoRead
/\ workKind = "set"
/\ seen = NoRead

State 2: <StorageNext line 96, col 5 to line 99, col 18 of module StorageOutcomes>
/\ work = [incarnation |-> 0, kind |-> "api"]
/\ store = [ open |-> TRUE,
  health |-> "healthy",
  incarnation |-> 0,
  published |-> [primary |-> FALSE, secondary |-> FALSE],
  durable |-> [primary |-> FALSE, secondary |-> FALSE],
  transaction |-> NoVersion,
  runtime |-> FALSE,
  sent |-> FALSE ]
/\ pc = 0
/\ scenario = "graph"
/\ deliveryStage = "afterRestart"
/\ result = [status |-> "queued", index |-> 0]
/\ anchor = NoRead
/\ workKind = "set"
/\ seen = NoRead

State 3: <StorageNext line 96, col 5 to line 99, col 18 of module StorageOutcomes>
/\ work = null
/\ store = [ open |-> TRUE,
  health |-> "healthy",
  incarnation |-> 0,
  published |-> [primary |-> FALSE, secondary |-> TRUE],
  durable |-> [primary |-> FALSE, secondary |-> TRUE],
  transaction |-> NoVersion,
  runtime |-> TRUE,
  sent |-> FALSE ]
/\ pc = 0
/\ scenario = "graph"
/\ deliveryStage = "afterRestart"
/\ result = [status |-> "noError", index |-> 0]
/\ anchor = NoRead
/\ workKind = "set"
/\ seen = null

238 states generated, 89 distinct states found, 78 states left on queue.
The depth of the complete state graph search is 3.
The average outdegree of the complete state graph is 8 (minimum is 0, the maximum 14 and the 95th percentile is 14).
Checkpointing of run /workspace/.scratch/snmp-switch-formal/runs/storage-initial/states/StorageOutcomes/26-09-08-18-07-20
Checkpointing completed at (2026-09-08 18:07:20)
Finished in 00s at (2026-09-08 18:07:20)
