TLC2 Version 2.19 of 08 August 2024 (rev: 5a47802)
Running breadth-first search Model-Checking with fp 0 and seed 20260907 with 1 worker on 4 cores with 910MB heap and 64MB offheap memory [pid: 217276] (Linux 6.12.101+deb13-amd64 amd64, Eclipse Adoptium 21.0.12.1 x86_64, MSBDiskFPSet, DiskStateQueue).
Parsing file /workspace/.scratch/snmp-switch-formal/check-storage-initial/StorageOutcomes.tla
Parsing file /tmp/Naturals.tla
Parsing file /tmp/FiniteSets.tla
Parsing file /tmp/Sequences.tla
Semantic processing of module Naturals
Semantic processing of module Sequences
Semantic processing of module FiniteSets
Semantic processing of module StorageOutcomes
Starting... (2026-09-08 18:07:21)
Implied-temporal checking--satisfiability problem has 1 branches.
Computing initial states...
Computed 2 initial states...
Computed 4 initial states...
Computed 8 initial states...
Computed 16 initial states...
Finished computing initial states: 32 distinct states generated at 2026-09-08 18:07:22.
Error: Successor state is not completely specified by the next-state action. The following variables are not assigned: seen, work.

Error: The behavior up to this point is:
State 1: <Initial predicate>
/\ work = NoWork
/\ store = [ open |-> TRUE,
  health |-> "healthy",
  incarnation |-> 0,
  published |-> [primary |-> FALSE, secondary |-> FALSE],
  durable |-> [primary |-> FALSE, secondary |-> FALSE],
  transaction |-> NoVersion,
  runtime |-> FALSE,
  sent |-> FALSE ]
/\ pc = 0
/\ scenario = "success"
/\ deliveryStage = "faulted"
/\ result = [status |-> "none", index |-> 0]
/\ anchor = NoRead
/\ workKind = "api"
/\ seen = NoRead

State 2: <RecoveryNext line 179, col 17 to line 182, col 57 of module StorageOutcomes>
/\ work = [incarnation |-> 0, kind |-> "api"]
/\ store = [ open |-> TRUE,
  health |-> "healthy",
  incarnation |-> 0,
  published |-> [primary |-> FALSE, secondary |-> FALSE],
  durable |-> [primary |-> FALSE, secondary |-> FALSE],
  transaction |-> NoVersion,
  runtime |-> FALSE,
  sent |-> FALSE ]
/\ pc = 1
/\ scenario = "success"
/\ deliveryStage = "faulted"
/\ result = [status |-> "queued", index |-> 0]
/\ anchor = NoRead
/\ workKind = "api"
/\ seen = NoRead

State 3: <RecoveryNext line 179, col 17 to line 182, col 57 of module StorageOutcomes>
/\ work = [incarnation |-> 0, kind |-> "api"]
/\ store = [ open |-> TRUE,
  health |-> "healthy",
  incarnation |-> 0,
  published |-> [primary |-> TRUE, secondary |-> FALSE],
  durable |-> [primary |-> TRUE, secondary |-> FALSE],
  transaction |-> NoVersion,
  runtime |-> TRUE,
  sent |-> FALSE ]
/\ pc = 2
/\ scenario = "success"
/\ deliveryStage = "faulted"
/\ result = [status |-> "noError", index |-> 0]
/\ anchor = [ outcome |-> [status |-> "noError", index |-> 0],
  state |->
      [ open |-> TRUE,
        health |-> "healthy",
        incarnation |-> 0,
        published |-> [primary |-> TRUE, secondary |-> FALSE],
        durable |-> [primary |-> TRUE, secondary |-> FALSE],
        transaction |-> NoVersion,
        runtime |-> TRUE,
        sent |-> FALSE ] ]
/\ workKind = "api"
/\ seen = NoRead

State 4: <RecoveryNext line 179, col 17 to line 182, col 57 of module StorageOutcomes>
/\ work = [incarnation |-> 0, kind |-> "api"]
/\ store = [ open |-> TRUE,
  health |-> "healthy",
  incarnation |-> 0,
  published |-> [primary |-> TRUE, secondary |-> FALSE],
  durable |-> [primary |-> TRUE, secondary |-> FALSE],
  transaction |-> NoVersion,
  runtime |-> TRUE,
  sent |-> FALSE ]
/\ pc = 3
/\ scenario = "success"
/\ deliveryStage = "faulted"
/\ result = [status |-> "read", index |-> 0]
/\ anchor = [ outcome |-> [status |-> "noError", index |-> 0],
  state |->
      [ open |-> TRUE,
        health |-> "healthy",
        incarnation |-> 0,
        published |-> [primary |-> TRUE, secondary |-> FALSE],
        durable |-> [primary |-> TRUE, secondary |-> FALSE],
        transaction |-> NoVersion,
        runtime |-> TRUE,
        sent |-> FALSE ] ]
/\ workKind = "api"
/\ seen = [ health |-> "healthy",
  value |-> [primary |-> TRUE, secondary |-> FALSE],
  confirmed |-> TRUE,
  writable |-> TRUE ]

State 5: <RecoveryNext line 179, col 17 to line 182, col 57 of module StorageOutcomes>
/\ work = [incarnation |-> 0, kind |-> "api"]
/\ store = [ open |-> TRUE,
  health |-> "healthy",
  incarnation |-> 0,
  published |-> [primary |-> TRUE, secondary |-> FALSE],
  durable |-> [primary |-> TRUE, secondary |-> FALSE],
  transaction |-> NoVersion,
  runtime |-> TRUE,
  sent |-> FALSE ]
/\ pc = 4
/\ scenario = "success"
/\ deliveryStage = "faulted"
/\ result = [status |-> "inspected", index |-> 0]
/\ anchor = [ outcome |-> [status |-> "noError", index |-> 0],
  state |->
      [ open |-> TRUE,
        health |-> "healthy",
        incarnation |-> 0,
        published |-> [primary |-> TRUE, secondary |-> FALSE],
        durable |-> [primary |-> TRUE, secondary |-> FALSE],
        transaction |-> NoVersion,
        runtime |-> TRUE,
        sent |-> FALSE ] ]
/\ workKind = "api"
/\ seen = [ health |-> "healthy",
  value |-> [primary |-> TRUE, secondary |-> FALSE],
  confirmed |-> FALSE,
  writable |-> FALSE ]

State 6: <RecoveryNext line 179, col 17 to line 182, col 57 of module StorageOutcomes>
/\ work = [incarnation |-> 0, kind |-> "api"]
/\ store = [ open |-> TRUE,
  health |-> "healthy",
  incarnation |-> 0,
  published |-> [primary |-> TRUE, secondary |-> TRUE],
  durable |-> [primary |-> TRUE, secondary |-> TRUE],
  transaction |-> NoVersion,
  runtime |-> FALSE,
  sent |-> FALSE ]
/\ pc = 5
/\ scenario = "success"
/\ deliveryStage = "faulted"
/\ result = [status |-> "noError", index |-> 0]
/\ anchor = [ outcome |-> [status |-> "noError", index |-> 0],
  state |->
      [ open |-> TRUE,
        health |-> "healthy",
        incarnation |-> 0,
        published |-> [primary |-> TRUE, secondary |-> FALSE],
        durable |-> [primary |-> TRUE, secondary |-> FALSE],
        transaction |-> NoVersion,
        runtime |-> TRUE,
        sent |-> FALSE ] ]
/\ workKind = "api"
/\ seen = [ health |-> "healthy",
  value |-> [primary |-> TRUE, secondary |-> FALSE],
  confirmed |-> FALSE,
  writable |-> FALSE ]

State 7: <RecoveryNext line 179, col 17 to line 182, col 57 of module StorageOutcomes>
/\ work = [incarnation |-> 0, kind |-> "api"]
/\ store = [ open |-> TRUE,
  health |-> "healthy",
  incarnation |-> 0,
  published |-> [primary |-> TRUE, secondary |-> FALSE],
  durable |-> [primary |-> TRUE, secondary |-> FALSE],
  transaction |-> NoVersion,
  runtime |-> TRUE,
  sent |-> FALSE ]
/\ pc = 6
/\ scenario = "success"
/\ deliveryStage = "faulted"
/\ result = [status |-> "noError", index |-> 0]
/\ anchor = [ outcome |-> [status |-> "noError", index |-> 0],
  state |->
      [ open |-> TRUE,
        health |-> "healthy",
        incarnation |-> 0,
        published |-> [primary |-> TRUE, secondary |-> FALSE],
        durable |-> [primary |-> TRUE, secondary |-> FALSE],
        transaction |-> NoVersion,
        runtime |-> TRUE,
        sent |-> FALSE ] ]
/\ workKind = "api"
/\ seen = [ health |-> "healthy",
  value |-> [primary |-> TRUE, secondary |-> FALSE],
  confirmed |-> FALSE,
  writable |-> FALSE ]

State 8: <RecoveryNext line 179, col 17 to line 182, col 57 of module StorageOutcomes>
/\ work = [incarnation |-> 0, kind |-> "api"]
/\ store = [ open |-> TRUE,
  health |-> "healthy",
  incarnation |-> 0,
  published |-> [primary |-> TRUE, secondary |-> FALSE],
  durable |-> [primary |-> TRUE, secondary |-> FALSE],
  transaction |-> NoVersion,
  runtime |-> FALSE,
  sent |-> FALSE ]
/\ pc = 7
/\ scenario = "success"
/\ deliveryStage = "faulted"
/\ result = [status |-> "background", index |-> 0]
/\ anchor = [ outcome |-> [status |-> "noError", index |-> 0],
  state |->
      [ open |-> TRUE,
        health |-> "healthy",
        incarnation |-> 0,
        published |-> [primary |-> TRUE, secondary |-> FALSE],
        durable |-> [primary |-> TRUE, secondary |-> FALSE],
        transaction |-> NoVersion,
        runtime |-> TRUE,
        sent |-> FALSE ] ]
/\ workKind = "api"
/\ seen = [ health |-> "healthy",
  value |-> [primary |-> TRUE, secondary |-> FALSE],
  confirmed |-> FALSE,
  writable |-> FALSE ]

State 9: <RecoveryNext line 179, col 17 to line 182, col 57 of module StorageOutcomes>
/\ work = [incarnation |-> 0, kind |-> "api"]
/\ store = [ open |-> TRUE,
  health |-> "healthy",
  incarnation |-> 0,
  published |-> [primary |-> TRUE, secondary |-> FALSE],
  durable |-> [primary |-> TRUE, secondary |-> FALSE],
  transaction |-> NoVersion,
  runtime |-> FALSE,
  sent |-> TRUE ]
/\ pc = 8
/\ scenario = "success"
/\ deliveryStage = "faulted"
/\ result = [status |-> "sent", index |-> 0]
/\ anchor = [ outcome |-> [status |-> "noError", index |-> 0],
  state |->
      [ open |-> TRUE,
        health |-> "healthy",
        incarnation |-> 0,
        published |-> [primary |-> TRUE, secondary |-> FALSE],
        durable |-> [primary |-> TRUE, secondary |-> FALSE],
        transaction |-> NoVersion,
        runtime |-> TRUE,
        sent |-> FALSE ] ]
/\ workKind = "api"
/\ seen = [ health |-> "healthy",
  value |-> [primary |-> TRUE, secondary |-> FALSE],
  confirmed |-> FALSE,
  writable |-> FALSE ]

State 10: <RecoveryNext line 179, col 17 to line 182, col 57 of module StorageOutcomes>
/\ work = null
/\ store = [ open |-> TRUE,
  health |-> "healthy",
  incarnation |-> 0,
  published |-> [primary |-> TRUE, secondary |-> TRUE],
  durable |-> [primary |-> TRUE, secondary |-> TRUE],
  transaction |-> NoVersion,
  runtime |-> TRUE,
  sent |-> TRUE ]
/\ pc = 9
/\ scenario = "success"
/\ deliveryStage = "faulted"
/\ result = [status |-> "noError", index |-> 0]
/\ anchor = [ outcome |-> [status |-> "noError", index |-> 0],
  state |->
      [ open |-> TRUE,
        health |-> "healthy",
        incarnation |-> 0,
        published |-> [primary |-> TRUE, secondary |-> FALSE],
        durable |-> [primary |-> TRUE, secondary |-> FALSE],
        transaction |-> NoVersion,
        runtime |-> TRUE,
        sent |-> FALSE ] ]
/\ workKind = "api"
/\ seen = null

290 states generated, 289 distinct states found, 31 states left on queue.
The depth of the complete state graph search is 10.
The average outdegree of the complete state graph is 1 (minimum is 1, the maximum 1 and the 95th percentile is 1).
Checkpointing of run /workspace/.scratch/snmp-switch-formal/runs/storage-initial/states/StorageRecovery/26-09-08-18-07-21
Checkpointing completed at (2026-09-08 18:07:22)
Finished in 00s at (2026-09-08 18:07:22)
