TLC2 Version 2.19 of 08 August 2024 (rev: 5a47802)
Running breadth-first search Model-Checking with fp 0 and seed 20260907 with 1 worker on 4 cores with 1820MB heap and 64MB offheap memory [pid: 195479] (Linux 6.12.101+deb13-amd64 amd64, Eclipse Adoptium 21.0.12.1 x86_64, MSBDiskFPSet, DiskStateQueue).
Parsing file /workspace/.scratch/snmp-switch-formal/check-token-final/SetTokenEquivalence.tla
Parsing file /workspace/.scratch/snmp-switch-formal/check-token-final/SetTransactions.tla
Parsing file /workspace/.scratch/snmp-switch-formal/check-token-final/TestSwitch.tla
Parsing file /workspace/.scratch/snmp-switch-formal/check-token-final/Switch.tla
Parsing file /tmp/Integers.tla
Parsing file /tmp/FiniteSets.tla
Parsing file /tmp/Sequences.tla
Parsing file /tmp/Naturals.tla
Parsing file /workspace/.scratch/snmp-switch-formal/check-token-final/ReadAccess.tla
Semantic processing of module Naturals
Semantic processing of module Integers
Semantic processing of module Sequences
Semantic processing of module FiniteSets
Semantic processing of module Switch
Semantic processing of module TestSwitch
Semantic processing of module ReadAccess
Semantic processing of module SetTransactions
Semantic processing of module SetTokenEquivalence
Starting... (2026-09-08 15:38:58)
Implied-temporal checking--satisfiability problem has 1 branches.
Computing initial states...
Computed 2 initial states...
Finished computing initial states: 4 distinct states generated at 2026-09-08 15:38:58.
Checking temporal properties for the current state space with 19942 total distinct states at (2026-09-08 15:39:01)
Finished checking temporal properties in 00s at 2026-09-08 15:39:01
Progress(4) at 2026-09-08 15:39:01: 33,094 states generated (33,094 s/min), 19,942 distinct states found (19,942 ds/min), 17,919 states left on queue.
Checking temporal properties for the current state space with 155256 total distinct states at (2026-09-08 15:40:01)
Finished checking temporal properties in 04s at 2026-09-08 15:40:05
Progress(6) at 2026-09-08 15:40:05: 1,258,937 states generated (1,225,843 s/min), 155,256 distinct states found (135,314 ds/min), 49,855 states left on queue.
Checking temporal properties for the current state space with 271466 total distinct states at (2026-09-08 15:41:05)
Finished checking temporal properties in 07s at 2026-09-08 15:41:13
Progress(8) at 2026-09-08 15:41:13: 2,664,150 states generated (1,405,213 s/min), 271,466 distinct states found (116,210 ds/min), 61,926 states left on queue.
Checking temporal properties for the current state space with 381577 total distinct states at (2026-09-08 15:42:13)
Finished checking temporal properties in 12s at 2026-09-08 15:42:25
Progress(10) at 2026-09-08 15:42:25: 4,054,644 states generated (1,390,494 s/min), 381,577 distinct states found (110,111 ds/min), 63,381 states left on queue.
Checking temporal properties for the current state space with 487456 total distinct states at (2026-09-08 15:43:25)
Finished checking temporal properties in 16s at 2026-09-08 15:43:41
Progress(12) at 2026-09-08 15:43:41: 5,459,234 states generated (1,404,590 s/min), 487,456 distinct states found (105,879 ds/min), 58,304 states left on queue.
Progress(13) at 2026-09-08 15:44:26: 6,708,324 states generated, 526,688 distinct states found, 0 states left on queue.
Checking temporal properties for the complete state space with 526688 total distinct states at (2026-09-08 15:44:26)
Finished checking temporal properties in 19s at 2026-09-08 15:44:46
Model checking completed. No error has been found.
  Estimates of the probability that TLC did not check all reachable states
  because two distinct states had the same fingerprint:
  calculated (optimistic):  val = 1.8E-7
  based on the actual fingerprints:  val = 1.3E-7
6708324 states generated, 526688 distinct states found, 0 states left on queue.
The depth of the complete state graph search is 13.
The average outdegree of the complete state graph is 1 (minimum is 0, the maximum 31 and the 95th percentile is 3).
Finished in 05min 48s at (2026-09-08 15:44:46)
