TLC2 Version 2.19 of 08 August 2024 (rev: 5a47802)
Running breadth-first search Model-Checking with fp 0 and seed 20260907 with 1 worker on 4 cores with 910MB heap and 64MB offheap memory [pid: 198881] (Linux 6.12.101+deb13-amd64 amd64, Eclipse Adoptium 21.0.12.1 x86_64, MSBDiskFPSet, DiskStateQueue).
Parsing file /workspace/.scratch/snmp-switch-formal/check-response-eight-losses/ResponseLossProbe.tla
Parsing file /workspace/.scratch/snmp-switch-formal/check-response-eight-losses/SetResponseLifecycle.tla
Parsing file /tmp/Sequences.tla
Parsing file /tmp/Naturals.tla
Parsing file /tmp/FiniteSets.tla
Semantic processing of module Naturals
Semantic processing of module Sequences
Semantic processing of module FiniteSets
Semantic processing of module SetResponseLifecycle
Semantic processing of module ResponseLossProbe
Starting... (2026-09-08 16:27:58)
Implied-temporal checking--satisfiability problem has 1 branches.
Computing initial states...
Finished computing initial states: 1 distinct state generated at 2026-09-08 16:27:58.
Error: Invariant AllLossesReported is violated.
Error: The behavior up to this point is:
State 1: <Initial predicate>
/\ observed = <<>>
/\ life = [ diagnostic |-> FALSE,
  mpPops |-> 0,
  securityPops |-> 0,
  engine |-> "e0",
  mp |-> [engine |-> "e0", owner |-> "mp0", reference |-> 0, record |-> "A"],
  security |->
      [engine |-> "e0", owner |-> "sec0", reference |-> 0, record |-> "A"],
  ticket |->
      [ engine |-> "e0",
        mp |->
            [engine |-> "e0", owner |-> "mp0", reference |-> 0, record |-> "A"],
        security |->
            [ engine |-> "e0",
              owner |-> "sec0",
              reference |-> 0,
              record |-> "A" ] ],
  phase |-> "queued",
  admission |-> TRUE,
  current |-> TRUE,
  kind |-> "noop",
  outgoing |-> FALSE,
  didCommit |-> FALSE,
  delivery |-> "none",
  disposition |-> "none",
  terminalCount |-> 0,
  sendAttempts |-> 0,
  lastAction |-> "init" ]
/\ step = 0
/\ idx = 1

State 2: <ProbeNext line 14, col 14 to line 23, col 73 of module ResponseLossProbe>
/\ observed = <<>>
/\ life = [ diagnostic |-> FALSE,
  mpPops |-> 0,
  securityPops |-> 0,
  engine |-> "e0",
  mp |-> [engine |-> "e0", owner |-> "mp0", reference |-> 0, record |-> "A"],
  security |-> NoEntry,
  ticket |->
      [ engine |-> "e0",
        mp |->
            [engine |-> "e0", owner |-> "mp0", reference |-> 0, record |-> "A"],
        security |->
            [ engine |-> "e0",
              owner |-> "sec0",
              reference |-> 0,
              record |-> "A" ] ],
  phase |-> "queued",
  admission |-> TRUE,
  current |-> TRUE,
  kind |-> "noop",
  outgoing |-> FALSE,
  didCommit |-> FALSE,
  delivery |-> "none",
  disposition |-> "none",
  terminalCount |-> 0,
  sendAttempts |-> 0,
  lastAction |-> "missingSecurity" ]
/\ step = 1
/\ idx = 1

State 3: <ProbeNext line 14, col 14 to line 23, col 73 of module ResponseLossProbe>
/\ observed = <<>>
/\ life = [ diagnostic |-> FALSE,
  mpPops |-> 1,
  securityPops |-> 0,
  engine |-> "e0",
  mp |-> NoEntry,
  security |-> NoEntry,
  ticket |-> NoTicket,
  phase |-> "terminal",
  admission |-> TRUE,
  current |-> TRUE,
  kind |-> "noop",
  outgoing |-> FALSE,
  didCommit |-> FALSE,
  delivery |-> "canceled",
  disposition |-> "discard",
  terminalCount |-> 1,
  sendAttempts |-> 0,
  lastAction |-> "cancel" ]
/\ step = 2
/\ idx = 1

State 4: <ProbeNext line 14, col 14 to line 23, col 73 of module ResponseLossProbe>
/\ observed = << [ case |-> [fault |-> "missing", trigger |-> "cancel"],
     reported |-> FALSE,
     mpPops |-> 1,
     securityPops |-> 0 ] >>
/\ life = [ diagnostic |-> FALSE,
  mpPops |-> 0,
  securityPops |-> 0,
  engine |-> "e0",
  mp |-> [engine |-> "e0", owner |-> "mp0", reference |-> 0, record |-> "A"],
  security |->
      [engine |-> "e0", owner |-> "sec0", reference |-> 0, record |-> "A"],
  ticket |->
      [ engine |-> "e0",
        mp |->
            [engine |-> "e0", owner |-> "mp0", reference |-> 0, record |-> "A"],
        security |->
            [ engine |-> "e0",
              owner |-> "sec0",
              reference |-> 0,
              record |-> "A" ] ],
  phase |-> "queued",
  admission |-> TRUE,
  current |-> TRUE,
  kind |-> "noop",
  outgoing |-> FALSE,
  didCommit |-> FALSE,
  delivery |-> "none",
  disposition |-> "none",
  terminalCount |-> 0,
  sendAttempts |-> 0,
  lastAction |-> "init" ]
/\ step = 0
/\ idx = 2

State 5: <ProbeNext line 14, col 14 to line 23, col 73 of module ResponseLossProbe>
/\ observed = << [ case |-> [fault |-> "missing", trigger |-> "cancel"],
     reported |-> FALSE,
     mpPops |-> 1,
     securityPops |-> 0 ] >>
/\ life = [ diagnostic |-> FALSE,
  mpPops |-> 0,
  securityPops |-> 0,
  engine |-> "e0",
  mp |-> [engine |-> "e0", owner |-> "mp0", reference |-> 0, record |-> "A"],
  security |-> NoEntry,
  ticket |->
      [ engine |-> "e0",
        mp |->
            [engine |-> "e0", owner |-> "mp0", reference |-> 0, record |-> "A"],
        security |->
            [ engine |-> "e0",
              owner |-> "sec0",
              reference |-> 0,
              record |-> "A" ] ],
  phase |-> "queued",
  admission |-> TRUE,
  current |-> TRUE,
  kind |-> "noop",
  outgoing |-> FALSE,
  didCommit |-> FALSE,
  delivery |-> "none",
  disposition |-> "none",
  terminalCount |-> 0,
  sendAttempts |-> 0,
  lastAction |-> "missingSecurity" ]
/\ step = 1
/\ idx = 2

State 6: <ProbeNext line 14, col 14 to line 23, col 73 of module ResponseLossProbe>
/\ observed = << [ case |-> [fault |-> "missing", trigger |-> "cancel"],
     reported |-> FALSE,
     mpPops |-> 1,
     securityPops |-> 0 ] >>
/\ life = [ diagnostic |-> FALSE,
  mpPops |-> 1,
  securityPops |-> 0,
  engine |-> "e0",
  mp |-> NoEntry,
  security |-> NoEntry,
  ticket |-> NoTicket,
  phase |-> "terminal",
  admission |-> TRUE,
  current |-> TRUE,
  kind |-> "noop",
  outgoing |-> FALSE,
  didCommit |-> FALSE,
  delivery |-> "canceled",
  disposition |-> "discard",
  terminalCount |-> 1,
  sendAttempts |-> 0,
  lastAction |-> "expiry" ]
/\ step = 2
/\ idx = 2

State 7: <ProbeNext line 14, col 14 to line 23, col 73 of module ResponseLossProbe>
/\ observed = << [ case |-> [fault |-> "missing", trigger |-> "cancel"],
     reported |-> FALSE,
     mpPops |-> 1,
     securityPops |-> 0 ],
   [ case |-> [fault |-> "missing", trigger |-> "expiry"],
     reported |-> FALSE,
     mpPops |-> 1,
     securityPops |-> 0 ] >>
/\ life = [ diagnostic |-> FALSE,
  mpPops |-> 0,
  securityPops |-> 0,
  engine |-> "e0",
  mp |-> [engine |-> "e0", owner |-> "mp0", reference |-> 0, record |-> "A"],
  security |->
      [engine |-> "e0", owner |-> "sec0", reference |-> 0, record |-> "A"],
  ticket |->
      [ engine |-> "e0",
        mp |->
            [engine |-> "e0", owner |-> "mp0", reference |-> 0, record |-> "A"],
        security |->
            [ engine |-> "e0",
              owner |-> "sec0",
              reference |-> 0,
              record |-> "A" ] ],
  phase |-> "queued",
  admission |-> TRUE,
  current |-> TRUE,
  kind |-> "noop",
  outgoing |-> FALSE,
  didCommit |-> FALSE,
  delivery |-> "none",
  disposition |-> "none",
  terminalCount |-> 0,
  sendAttempts |-> 0,
  lastAction |-> "init" ]
/\ step = 0
/\ idx = 3

State 8: <ProbeNext line 14, col 14 to line 23, col 73 of module ResponseLossProbe>
/\ observed = << [ case |-> [fault |-> "missing", trigger |-> "cancel"],
     reported |-> FALSE,
     mpPops |-> 1,
     securityPops |-> 0 ],
   [ case |-> [fault |-> "missing", trigger |-> "expiry"],
     reported |-> FALSE,
     mpPops |-> 1,
     securityPops |-> 0 ] >>
/\ life = [ diagnostic |-> FALSE,
  mpPops |-> 0,
  securityPops |-> 0,
  engine |-> "e0",
  mp |-> [engine |-> "e0", owner |-> "mp0", reference |-> 0, record |-> "A"],
  security |-> NoEntry,
  ticket |->
      [ engine |-> "e0",
        mp |->
            [engine |-> "e0", owner |-> "mp0", reference |-> 0, record |-> "A"],
        security |->
            [ engine |-> "e0",
              owner |-> "sec0",
              reference |-> 0,
              record |-> "A" ] ],
  phase |-> "queued",
  admission |-> TRUE,
  current |-> TRUE,
  kind |-> "noop",
  outgoing |-> FALSE,
  didCommit |-> FALSE,
  delivery |-> "none",
  disposition |-> "none",
  terminalCount |-> 0,
  sendAttempts |-> 0,
  lastAction |-> "missingSecurity" ]
/\ step = 1
/\ idx = 3

State 9: <ProbeNext line 14, col 14 to line 23, col 73 of module ResponseLossProbe>
/\ observed = << [ case |-> [fault |-> "missing", trigger |-> "cancel"],
     reported |-> FALSE,
     mpPops |-> 1,
     securityPops |-> 0 ],
   [ case |-> [fault |-> "missing", trigger |-> "expiry"],
     reported |-> FALSE,
     mpPops |-> 1,
     securityPops |-> 0 ] >>
/\ life = [ diagnostic |-> FALSE,
  mpPops |-> 1,
  securityPops |-> 0,
  engine |-> "e0",
  mp |-> NoEntry,
  security |-> NoEntry,
  ticket |-> NoTicket,
  phase |-> "terminal",
  admission |-> TRUE,
  current |-> FALSE,
  kind |-> "noop",
  outgoing |-> FALSE,
  didCommit |-> FALSE,
  delivery |-> "canceled",
  disposition |-> "discard",
  terminalCount |-> 1,
  sendAttempts |-> 0,
  lastAction |-> "revoke" ]
/\ step = 2
/\ idx = 3

State 10: <ProbeNext line 14, col 14 to line 23, col 73 of module ResponseLossProbe>
/\ observed = << [ case |-> [fault |-> "missing", trigger |-> "cancel"],
     reported |-> FALSE,
     mpPops |-> 1,
     securityPops |-> 0 ],
   [ case |-> [fault |-> "missing", trigger |-> "expiry"],
     reported |-> FALSE,
     mpPops |-> 1,
     securityPops |-> 0 ],
   [ case |-> [fault |-> "missing", trigger |-> "revoke"],
     reported |-> FALSE,
     mpPops |-> 1,
     securityPops |-> 0 ] >>
/\ life = [ diagnostic |-> FALSE,
  mpPops |-> 0,
  securityPops |-> 0,
  engine |-> "e0",
  mp |-> [engine |-> "e0", owner |-> "mp0", reference |-> 0, record |-> "A"],
  security |->
      [engine |-> "e0", owner |-> "sec0", reference |-> 0, record |-> "A"],
  ticket |->
      [ engine |-> "e0",
        mp |->
            [engine |-> "e0", owner |-> "mp0", reference |-> 0, record |-> "A"],
        security |->
            [ engine |-> "e0",
              owner |-> "sec0",
              reference |-> 0,
              record |-> "A" ] ],
  phase |-> "queued",
  admission |-> TRUE,
  current |-> TRUE,
  kind |-> "noop",
  outgoing |-> FALSE,
  didCommit |-> FALSE,
  delivery |-> "none",
  disposition |-> "none",
  terminalCount |-> 0,
  sendAttempts |-> 0,
  lastAction |-> "init" ]
/\ step = 0
/\ idx = 4

State 11: <ProbeNext line 14, col 14 to line 23, col 73 of module ResponseLossProbe>
/\ observed = << [ case |-> [fault |-> "missing", trigger |-> "cancel"],
     reported |-> FALSE,
     mpPops |-> 1,
     securityPops |-> 0 ],
   [ case |-> [fault |-> "missing", trigger |-> "expiry"],
     reported |-> FALSE,
     mpPops |-> 1,
     securityPops |-> 0 ],
   [ case |-> [fault |-> "missing", trigger |-> "revoke"],
     reported |-> FALSE,
     mpPops |-> 1,
     securityPops |-> 0 ] >>
/\ life = [ diagnostic |-> FALSE,
  mpPops |-> 0,
  securityPops |-> 0,
  engine |-> "e0",
  mp |-> [engine |-> "e0", owner |-> "mp0", reference |-> 0, record |-> "A"],
  security |-> NoEntry,
  ticket |->
      [ engine |-> "e0",
        mp |->
            [engine |-> "e0", owner |-> "mp0", reference |-> 0, record |-> "A"],
        security |->
            [ engine |-> "e0",
              owner |-> "sec0",
              reference |-> 0,
              record |-> "A" ] ],
  phase |-> "queued",
  admission |-> TRUE,
  current |-> TRUE,
  kind |-> "noop",
  outgoing |-> FALSE,
  didCommit |-> FALSE,
  delivery |-> "none",
  disposition |-> "none",
  terminalCount |-> 0,
  sendAttempts |-> 0,
  lastAction |-> "missingSecurity" ]
/\ step = 1
/\ idx = 4

State 12: <ProbeNext line 14, col 14 to line 23, col 73 of module ResponseLossProbe>
/\ observed = << [ case |-> [fault |-> "missing", trigger |-> "cancel"],
     reported |-> FALSE,
     mpPops |-> 1,
     securityPops |-> 0 ],
   [ case |-> [fault |-> "missing", trigger |-> "expiry"],
     reported |-> FALSE,
     mpPops |-> 1,
     securityPops |-> 0 ],
   [ case |-> [fault |-> "missing", trigger |-> "revoke"],
     reported |-> FALSE,
     mpPops |-> 1,
     securityPops |-> 0 ] >>
/\ life = [ diagnostic |-> FALSE,
  mpPops |-> 1,
  securityPops |-> 0,
  engine |-> "e0",
  mp |-> NoEntry,
  security |-> NoEntry,
  ticket |-> NoTicket,
  phase |-> "terminal",
  admission |-> FALSE,
  current |-> TRUE,
  kind |-> "noop",
  outgoing |-> FALSE,
  didCommit |-> FALSE,
  delivery |-> "canceled",
  disposition |-> "discard",
  terminalCount |-> 1,
  sendAttempts |-> 0,
  lastAction |-> "close" ]
/\ step = 2
/\ idx = 4

State 13: <ProbeNext line 14, col 14 to line 23, col 73 of module ResponseLossProbe>
/\ observed = << [ case |-> [fault |-> "missing", trigger |-> "cancel"],
     reported |-> FALSE,
     mpPops |-> 1,
     securityPops |-> 0 ],
   [ case |-> [fault |-> "missing", trigger |-> "expiry"],
     reported |-> FALSE,
     mpPops |-> 1,
     securityPops |-> 0 ],
   [ case |-> [fault |-> "missing", trigger |-> "revoke"],
     reported |-> FALSE,
     mpPops |-> 1,
     securityPops |-> 0 ],
   [ case |-> [fault |-> "missing", trigger |-> "close"],
     reported |-> FALSE,
     mpPops |-> 1,
     securityPops |-> 0 ] >>
/\ life = [ diagnostic |-> FALSE,
  mpPops |-> 0,
  securityPops |-> 0,
  engine |-> "e0",
  mp |-> [engine |-> "e0", owner |-> "mp0", reference |-> 0, record |-> "A"],
  security |->
      [engine |-> "e0", owner |-> "sec0", reference |-> 0, record |-> "A"],
  ticket |->
      [ engine |-> "e0",
        mp |->
            [engine |-> "e0", owner |-> "mp0", reference |-> 0, record |-> "A"],
        security |->
            [ engine |-> "e0",
              owner |-> "sec0",
              reference |-> 0,
              record |-> "A" ] ],
  phase |-> "queued",
  admission |-> TRUE,
  current |-> TRUE,
  kind |-> "noop",
  outgoing |-> FALSE,
  didCommit |-> FALSE,
  delivery |-> "none",
  disposition |-> "none",
  terminalCount |-> 0,
  sendAttempts |-> 0,
  lastAction |-> "init" ]
/\ step = 0
/\ idx = 5

State 14: <ProbeNext line 14, col 14 to line 23, col 73 of module ResponseLossProbe>
/\ observed = << [ case |-> [fault |-> "missing", trigger |-> "cancel"],
     reported |-> FALSE,
     mpPops |-> 1,
     securityPops |-> 0 ],
   [ case |-> [fault |-> "missing", trigger |-> "expiry"],
     reported |-> FALSE,
     mpPops |-> 1,
     securityPops |-> 0 ],
   [ case |-> [fault |-> "missing", trigger |-> "revoke"],
     reported |-> FALSE,
     mpPops |-> 1,
     securityPops |-> 0 ],
   [ case |-> [fault |-> "missing", trigger |-> "close"],
     reported |-> FALSE,
     mpPops |-> 1,
     securityPops |-> 0 ] >>
/\ life = [ diagnostic |-> FALSE,
  mpPops |-> 0,
  securityPops |-> 0,
  engine |-> "e0",
  mp |-> [engine |-> "e0", owner |-> "mp0", reference |-> 0, record |-> "A"],
  security |->
      [engine |-> "e0", owner |-> "sec0", reference |-> 0, record |-> "B"],
  ticket |->
      [ engine |-> "e0",
        mp |->
            [engine |-> "e0", owner |-> "mp0", reference |-> 0, record |-> "A"],
        security |->
            [ engine |-> "e0",
              owner |-> "sec0",
              reference |-> 0,
              record |-> "A" ] ],
  phase |-> "queued",
  admission |-> TRUE,
  current |-> TRUE,
  kind |-> "noop",
  outgoing |-> FALSE,
  didCommit |-> FALSE,
  delivery |-> "none",
  disposition |-> "none",
  terminalCount |-> 0,
  sendAttempts |-> 0,
  lastAction |-> "replaceSecurity" ]
/\ step = 1
/\ idx = 5

State 15: <ProbeNext line 14, col 14 to line 23, col 73 of module ResponseLossProbe>
/\ observed = << [ case |-> [fault |-> "missing", trigger |-> "cancel"],
     reported |-> FALSE,
     mpPops |-> 1,
     securityPops |-> 0 ],
   [ case |-> [fault |-> "missing", trigger |-> "expiry"],
     reported |-> FALSE,
     mpPops |-> 1,
     securityPops |-> 0 ],
   [ case |-> [fault |-> "missing", trigger |-> "revoke"],
     reported |-> FALSE,
     mpPops |-> 1,
     securityPops |-> 0 ],
   [ case |-> [fault |-> "missing", trigger |-> "close"],
     reported |-> FALSE,
     mpPops |-> 1,
     securityPops |-> 0 ] >>
/\ life = [ diagnostic |-> FALSE,
  mpPops |-> 1,
  securityPops |-> 0,
  engine |-> "e0",
  mp |-> NoEntry,
  security |->
      [engine |-> "e0", owner |-> "sec0", reference |-> 0, record |-> "B"],
  ticket |-> NoTicket,
  phase |-> "terminal",
  admission |-> TRUE,
  current |-> TRUE,
  kind |-> "noop",
  outgoing |-> FALSE,
  didCommit |-> FALSE,
  delivery |-> "canceled",
  disposition |-> "discard",
  terminalCount |-> 1,
  sendAttempts |-> 0,
  lastAction |-> "cancel" ]
/\ step = 2
/\ idx = 5

State 16: <ProbeNext line 14, col 14 to line 23, col 73 of module ResponseLossProbe>
/\ observed = << [ case |-> [fault |-> "missing", trigger |-> "cancel"],
     reported |-> FALSE,
     mpPops |-> 1,
     securityPops |-> 0 ],
   [ case |-> [fault |-> "missing", trigger |-> "expiry"],
     reported |-> FALSE,
     mpPops |-> 1,
     securityPops |-> 0 ],
   [ case |-> [fault |-> "missing", trigger |-> "revoke"],
     reported |-> FALSE,
     mpPops |-> 1,
     securityPops |-> 0 ],
   [ case |-> [fault |-> "missing", trigger |-> "close"],
     reported |-> FALSE,
     mpPops |-> 1,
     securityPops |-> 0 ],
   [ case |-> [fault |-> "foreign", trigger |-> "cancel"],
     reported |-> FALSE,
     mpPops |-> 1,
     securityPops |-> 0 ] >>
/\ life = [ diagnostic |-> FALSE,
  mpPops |-> 0,
  securityPops |-> 0,
  engine |-> "e0",
  mp |-> [engine |-> "e0", owner |-> "mp0", reference |-> 0, record |-> "A"],
  security |->
      [engine |-> "e0", owner |-> "sec0", reference |-> 0, record |-> "A"],
  ticket |->
      [ engine |-> "e0",
        mp |->
            [engine |-> "e0", owner |-> "mp0", reference |-> 0, record |-> "A"],
        security |->
            [ engine |-> "e0",
              owner |-> "sec0",
              reference |-> 0,
              record |-> "A" ] ],
  phase |-> "queued",
  admission |-> TRUE,
  current |-> TRUE,
  kind |-> "noop",
  outgoing |-> FALSE,
  didCommit |-> FALSE,
  delivery |-> "none",
  disposition |-> "none",
  terminalCount |-> 0,
  sendAttempts |-> 0,
  lastAction |-> "init" ]
/\ step = 0
/\ idx = 6

State 17: <ProbeNext line 14, col 14 to line 23, col 73 of module ResponseLossProbe>
/\ observed = << [ case |-> [fault |-> "missing", trigger |-> "cancel"],
     reported |-> FALSE,
     mpPops |-> 1,
     securityPops |-> 0 ],
   [ case |-> [fault |-> "missing", trigger |-> "expiry"],
     reported |-> FALSE,
     mpPops |-> 1,
     securityPops |-> 0 ],
   [ case |-> [fault |-> "missing", trigger |-> "revoke"],
     reported |-> FALSE,
     mpPops |-> 1,
     securityPops |-> 0 ],
   [ case |-> [fault |-> "missing", trigger |-> "close"],
     reported |-> FALSE,
     mpPops |-> 1,
     securityPops |-> 0 ],
   [ case |-> [fault |-> "foreign", trigger |-> "cancel"],
     reported |-> FALSE,
     mpPops |-> 1,
     securityPops |-> 0 ] >>
/\ life = [ diagnostic |-> FALSE,
  mpPops |-> 0,
  securityPops |-> 0,
  engine |-> "e0",
  mp |-> [engine |-> "e0", owner |-> "mp0", reference |-> 0, record |-> "A"],
  security |->
      [engine |-> "e0", owner |-> "sec0", reference |-> 0, record |-> "B"],
  ticket |->
      [ engine |-> "e0",
        mp |->
            [engine |-> "e0", owner |-> "mp0", reference |-> 0, record |-> "A"],
        security |->
            [ engine |-> "e0",
              owner |-> "sec0",
              reference |-> 0,
              record |-> "A" ] ],
  phase |-> "queued",
  admission |-> TRUE,
  current |-> TRUE,
  kind |-> "noop",
  outgoing |-> FALSE,
  didCommit |-> FALSE,
  delivery |-> "none",
  disposition |-> "none",
  terminalCount |-> 0,
  sendAttempts |-> 0,
  lastAction |-> "replaceSecurity" ]
/\ step = 1
/\ idx = 6

State 18: <ProbeNext line 14, col 14 to line 23, col 73 of module ResponseLossProbe>
/\ observed = << [ case |-> [fault |-> "missing", trigger |-> "cancel"],
     reported |-> FALSE,
     mpPops |-> 1,
     securityPops |-> 0 ],
   [ case |-> [fault |-> "missing", trigger |-> "expiry"],
     reported |-> FALSE,
     mpPops |-> 1,
     securityPops |-> 0 ],
   [ case |-> [fault |-> "missing", trigger |-> "revoke"],
     reported |-> FALSE,
     mpPops |-> 1,
     securityPops |-> 0 ],
   [ case |-> [fault |-> "missing", trigger |-> "close"],
     reported |-> FALSE,
     mpPops |-> 1,
     securityPops |-> 0 ],
   [ case |-> [fault |-> "foreign", trigger |-> "cancel"],
     reported |-> FALSE,
     mpPops |-> 1,
     securityPops |-> 0 ] >>
/\ life = [ diagnostic |-> FALSE,
  mpPops |-> 1,
  securityPops |-> 0,
  engine |-> "e0",
  mp |-> NoEntry,
  security |->
      [engine |-> "e0", owner |-> "sec0", reference |-> 0, record |-> "B"],
  ticket |-> NoTicket,
  phase |-> "terminal",
  admission |-> TRUE,
  current |-> TRUE,
  kind |-> "noop",
  outgoing |-> FALSE,
  didCommit |-> FALSE,
  delivery |-> "canceled",
  disposition |-> "discard",
  terminalCount |-> 1,
  sendAttempts |-> 0,
  lastAction |-> "expiry" ]
/\ step = 2
/\ idx = 6

State 19: <ProbeNext line 14, col 14 to line 23, col 73 of module ResponseLossProbe>
/\ observed = << [ case |-> [fault |-> "missing", trigger |-> "cancel"],
     reported |-> FALSE,
     mpPops |-> 1,
     securityPops |-> 0 ],
   [ case |-> [fault |-> "missing", trigger |-> "expiry"],
     reported |-> FALSE,
     mpPops |-> 1,
     securityPops |-> 0 ],
   [ case |-> [fault |-> "missing", trigger |-> "revoke"],
     reported |-> FALSE,
     mpPops |-> 1,
     securityPops |-> 0 ],
   [ case |-> [fault |-> "missing", trigger |-> "close"],
     reported |-> FALSE,
     mpPops |-> 1,
     securityPops |-> 0 ],
   [ case |-> [fault |-> "foreign", trigger |-> "cancel"],
     reported |-> FALSE,
     mpPops |-> 1,
     securityPops |-> 0 ],
   [ case |-> [fault |-> "foreign", trigger |-> "expiry"],
     reported |-> FALSE,
     mpPops |-> 1,
     securityPops |-> 0 ] >>
/\ life = [ diagnostic |-> FALSE,
  mpPops |-> 0,
  securityPops |-> 0,
  engine |-> "e0",
  mp |-> [engine |-> "e0", owner |-> "mp0", reference |-> 0, record |-> "A"],
  security |->
      [engine |-> "e0", owner |-> "sec0", reference |-> 0, record |-> "A"],
  ticket |->
      [ engine |-> "e0",
        mp |->
            [engine |-> "e0", owner |-> "mp0", reference |-> 0, record |-> "A"],
        security |->
            [ engine |-> "e0",
              owner |-> "sec0",
              reference |-> 0,
              record |-> "A" ] ],
  phase |-> "queued",
  admission |-> TRUE,
  current |-> TRUE,
  kind |-> "noop",
  outgoing |-> FALSE,
  didCommit |-> FALSE,
  delivery |-> "none",
  disposition |-> "none",
  terminalCount |-> 0,
  sendAttempts |-> 0,
  lastAction |-> "init" ]
/\ step = 0
/\ idx = 7

State 20: <ProbeNext line 14, col 14 to line 23, col 73 of module ResponseLossProbe>
/\ observed = << [ case |-> [fault |-> "missing", trigger |-> "cancel"],
     reported |-> FALSE,
     mpPops |-> 1,
     securityPops |-> 0 ],
   [ case |-> [fault |-> "missing", trigger |-> "expiry"],
     reported |-> FALSE,
     mpPops |-> 1,
     securityPops |-> 0 ],
   [ case |-> [fault |-> "missing", trigger |-> "revoke"],
     reported |-> FALSE,
     mpPops |-> 1,
     securityPops |-> 0 ],
   [ case |-> [fault |-> "missing", trigger |-> "close"],
     reported |-> FALSE,
     mpPops |-> 1,
     securityPops |-> 0 ],
   [ case |-> [fault |-> "foreign", trigger |-> "cancel"],
     reported |-> FALSE,
     mpPops |-> 1,
     securityPops |-> 0 ],
   [ case |-> [fault |-> "foreign", trigger |-> "expiry"],
     reported |-> FALSE,
     mpPops |-> 1,
     securityPops |-> 0 ] >>
/\ life = [ diagnostic |-> FALSE,
  mpPops |-> 0,
  securityPops |-> 0,
  engine |-> "e0",
  mp |-> [engine |-> "e0", owner |-> "mp0", reference |-> 0, record |-> "A"],
  security |->
      [engine |-> "e0", owner |-> "sec0", reference |-> 0, record |-> "B"],
  ticket |->
      [ engine |-> "e0",
        mp |->
            [engine |-> "e0", owner |-> "mp0", reference |-> 0, record |-> "A"],
        security |->
            [ engine |-> "e0",
              owner |-> "sec0",
              reference |-> 0,
              record |-> "A" ] ],
  phase |-> "queued",
  admission |-> TRUE,
  current |-> TRUE,
  kind |-> "noop",
  outgoing |-> FALSE,
  didCommit |-> FALSE,
  delivery |-> "none",
  disposition |-> "none",
  terminalCount |-> 0,
  sendAttempts |-> 0,
  lastAction |-> "replaceSecurity" ]
/\ step = 1
/\ idx = 7

State 21: <ProbeNext line 14, col 14 to line 23, col 73 of module ResponseLossProbe>
/\ observed = << [ case |-> [fault |-> "missing", trigger |-> "cancel"],
     reported |-> FALSE,
     mpPops |-> 1,
     securityPops |-> 0 ],
   [ case |-> [fault |-> "missing", trigger |-> "expiry"],
     reported |-> FALSE,
     mpPops |-> 1,
     securityPops |-> 0 ],
   [ case |-> [fault |-> "missing", trigger |-> "revoke"],
     reported |-> FALSE,
     mpPops |-> 1,
     securityPops |-> 0 ],
   [ case |-> [fault |-> "missing", trigger |-> "close"],
     reported |-> FALSE,
     mpPops |-> 1,
     securityPops |-> 0 ],
   [ case |-> [fault |-> "foreign", trigger |-> "cancel"],
     reported |-> FALSE,
     mpPops |-> 1,
     securityPops |-> 0 ],
   [ case |-> [fault |-> "foreign", trigger |-> "expiry"],
     reported |-> FALSE,
     mpPops |-> 1,
     securityPops |-> 0 ] >>
/\ life = [ diagnostic |-> FALSE,
  mpPops |-> 1,
  securityPops |-> 0,
  engine |-> "e0",
  mp |-> NoEntry,
  security |->
      [engine |-> "e0", owner |-> "sec0", reference |-> 0, record |-> "B"],
  ticket |-> NoTicket,
  phase |-> "terminal",
  admission |-> TRUE,
  current |-> FALSE,
  kind |-> "noop",
  outgoing |-> FALSE,
  didCommit |-> FALSE,
  delivery |-> "canceled",
  disposition |-> "discard",
  terminalCount |-> 1,
  sendAttempts |-> 0,
  lastAction |-> "revoke" ]
/\ step = 2
/\ idx = 7

State 22: <ProbeNext line 14, col 14 to line 23, col 73 of module ResponseLossProbe>
/\ observed = << [ case |-> [fault |-> "missing", trigger |-> "cancel"],
     reported |-> FALSE,
     mpPops |-> 1,
     securityPops |-> 0 ],
   [ case |-> [fault |-> "missing", trigger |-> "expiry"],
     reported |-> FALSE,
     mpPops |-> 1,
     securityPops |-> 0 ],
   [ case |-> [fault |-> "missing", trigger |-> "revoke"],
     reported |-> FALSE,
     mpPops |-> 1,
     securityPops |-> 0 ],
   [ case |-> [fault |-> "missing", trigger |-> "close"],
     reported |-> FALSE,
     mpPops |-> 1,
     securityPops |-> 0 ],
   [ case |-> [fault |-> "foreign", trigger |-> "cancel"],
     reported |-> FALSE,
     mpPops |-> 1,
     securityPops |-> 0 ],
   [ case |-> [fault |-> "foreign", trigger |-> "expiry"],
     reported |-> FALSE,
     mpPops |-> 1,
     securityPops |-> 0 ],
   [ case |-> [fault |-> "foreign", trigger |-> "revoke"],
     reported |-> FALSE,
     mpPops |-> 1,
     securityPops |-> 0 ] >>
/\ life = [ diagnostic |-> FALSE,
  mpPops |-> 0,
  securityPops |-> 0,
  engine |-> "e0",
  mp |-> [engine |-> "e0", owner |-> "mp0", reference |-> 0, record |-> "A"],
  security |->
      [engine |-> "e0", owner |-> "sec0", reference |-> 0, record |-> "A"],
  ticket |->
      [ engine |-> "e0",
        mp |->
            [engine |-> "e0", owner |-> "mp0", reference |-> 0, record |-> "A"],
        security |->
            [ engine |-> "e0",
              owner |-> "sec0",
              reference |-> 0,
              record |-> "A" ] ],
  phase |-> "queued",
  admission |-> TRUE,
  current |-> TRUE,
  kind |-> "noop",
  outgoing |-> FALSE,
  didCommit |-> FALSE,
  delivery |-> "none",
  disposition |-> "none",
  terminalCount |-> 0,
  sendAttempts |-> 0,
  lastAction |-> "init" ]
/\ step = 0
/\ idx = 8

State 23: <ProbeNext line 14, col 14 to line 23, col 73 of module ResponseLossProbe>
/\ observed = << [ case |-> [fault |-> "missing", trigger |-> "cancel"],
     reported |-> FALSE,
     mpPops |-> 1,
     securityPops |-> 0 ],
   [ case |-> [fault |-> "missing", trigger |-> "expiry"],
     reported |-> FALSE,
     mpPops |-> 1,
     securityPops |-> 0 ],
   [ case |-> [fault |-> "missing", trigger |-> "revoke"],
     reported |-> FALSE,
     mpPops |-> 1,
     securityPops |-> 0 ],
   [ case |-> [fault |-> "missing", trigger |-> "close"],
     reported |-> FALSE,
     mpPops |-> 1,
     securityPops |-> 0 ],
   [ case |-> [fault |-> "foreign", trigger |-> "cancel"],
     reported |-> FALSE,
     mpPops |-> 1,
     securityPops |-> 0 ],
   [ case |-> [fault |-> "foreign", trigger |-> "expiry"],
     reported |-> FALSE,
     mpPops |-> 1,
     securityPops |-> 0 ],
   [ case |-> [fault |-> "foreign", trigger |-> "revoke"],
     reported |-> FALSE,
     mpPops |-> 1,
     securityPops |-> 0 ] >>
/\ life = [ diagnostic |-> FALSE,
  mpPops |-> 0,
  securityPops |-> 0,
  engine |-> "e0",
  mp |-> [engine |-> "e0", owner |-> "mp0", reference |-> 0, record |-> "A"],
  security |->
      [engine |-> "e0", owner |-> "sec0", reference |-> 0, record |-> "B"],
  ticket |->
      [ engine |-> "e0",
        mp |->
            [engine |-> "e0", owner |-> "mp0", reference |-> 0, record |-> "A"],
        security |->
            [ engine |-> "e0",
              owner |-> "sec0",
              reference |-> 0,
              record |-> "A" ] ],
  phase |-> "queued",
  admission |-> TRUE,
  current |-> TRUE,
  kind |-> "noop",
  outgoing |-> FALSE,
  didCommit |-> FALSE,
  delivery |-> "none",
  disposition |-> "none",
  terminalCount |-> 0,
  sendAttempts |-> 0,
  lastAction |-> "replaceSecurity" ]
/\ step = 1
/\ idx = 8

State 24: <ProbeNext line 14, col 14 to line 23, col 73 of module ResponseLossProbe>
/\ observed = << [ case |-> [fault |-> "missing", trigger |-> "cancel"],
     reported |-> FALSE,
     mpPops |-> 1,
     securityPops |-> 0 ],
   [ case |-> [fault |-> "missing", trigger |-> "expiry"],
     reported |-> FALSE,
     mpPops |-> 1,
     securityPops |-> 0 ],
   [ case |-> [fault |-> "missing", trigger |-> "revoke"],
     reported |-> FALSE,
     mpPops |-> 1,
     securityPops |-> 0 ],
   [ case |-> [fault |-> "missing", trigger |-> "close"],
     reported |-> FALSE,
     mpPops |-> 1,
     securityPops |-> 0 ],
   [ case |-> [fault |-> "foreign", trigger |-> "cancel"],
     reported |-> FALSE,
     mpPops |-> 1,
     securityPops |-> 0 ],
   [ case |-> [fault |-> "foreign", trigger |-> "expiry"],
     reported |-> FALSE,
     mpPops |-> 1,
     securityPops |-> 0 ],
   [ case |-> [fault |-> "foreign", trigger |-> "revoke"],
     reported |-> FALSE,
     mpPops |-> 1,
     securityPops |-> 0 ] >>
/\ life = [ diagnostic |-> FALSE,
  mpPops |-> 1,
  securityPops |-> 0,
  engine |-> "e0",
  mp |-> NoEntry,
  security |->
      [engine |-> "e0", owner |-> "sec0", reference |-> 0, record |-> "B"],
  ticket |-> NoTicket,
  phase |-> "terminal",
  admission |-> FALSE,
  current |-> TRUE,
  kind |-> "noop",
  outgoing |-> FALSE,
  didCommit |-> FALSE,
  delivery |-> "canceled",
  disposition |-> "discard",
  terminalCount |-> 1,
  sendAttempts |-> 0,
  lastAction |-> "close" ]
/\ step = 2
/\ idx = 8

State 25: <ProbeNext line 14, col 14 to line 23, col 73 of module ResponseLossProbe>
/\ observed = << [ case |-> [fault |-> "missing", trigger |-> "cancel"],
     reported |-> FALSE,
     mpPops |-> 1,
     securityPops |-> 0 ],
   [ case |-> [fault |-> "missing", trigger |-> "expiry"],
     reported |-> FALSE,
     mpPops |-> 1,
     securityPops |-> 0 ],
   [ case |-> [fault |-> "missing", trigger |-> "revoke"],
     reported |-> FALSE,
     mpPops |-> 1,
     securityPops |-> 0 ],
   [ case |-> [fault |-> "missing", trigger |-> "close"],
     reported |-> FALSE,
     mpPops |-> 1,
     securityPops |-> 0 ],
   [ case |-> [fault |-> "foreign", trigger |-> "cancel"],
     reported |-> FALSE,
     mpPops |-> 1,
     securityPops |-> 0 ],
   [ case |-> [fault |-> "foreign", trigger |-> "expiry"],
     reported |-> FALSE,
     mpPops |-> 1,
     securityPops |-> 0 ],
   [ case |-> [fault |-> "foreign", trigger |-> "revoke"],
     reported |-> FALSE,
     mpPops |-> 1,
     securityPops |-> 0 ],
   [ case |-> [fault |-> "foreign", trigger |-> "close"],
     reported |-> FALSE,
     mpPops |-> 1,
     securityPops |-> 0 ] >>
/\ life = [ diagnostic |-> FALSE,
  mpPops |-> 1,
  securityPops |-> 0,
  engine |-> "e0",
  mp |-> NoEntry,
  security |->
      [engine |-> "e0", owner |-> "sec0", reference |-> 0, record |-> "B"],
  ticket |-> NoTicket,
  phase |-> "terminal",
  admission |-> FALSE,
  current |-> TRUE,
  kind |-> "noop",
  outgoing |-> FALSE,
  didCommit |-> FALSE,
  delivery |-> "canceled",
  disposition |-> "discard",
  terminalCount |-> 1,
  sendAttempts |-> 0,
  lastAction |-> "close" ]
/\ step = 0
/\ idx = 9

25 states generated, 25 distinct states found, 0 states left on queue.
The depth of the complete state graph search is 25.
The average outdegree of the complete state graph is 1 (minimum is 1, the maximum 1 and the 95th percentile is 1).
Finished in 00s at (2026-09-08 16:27:58)
