TLC2 Version 2.19 of 08 August 2024 (rev: 5a47802)
Running breadth-first search Model-Checking with fp 0 and seed 20260907 with 1 worker on 4 cores with 1820MB heap and 64MB offheap memory [pid: 192216] (Linux 6.12.101+deb13-amd64 amd64, Eclipse Adoptium 21.0.12.1 x86_64, MSBDiskFPSet, DiskStateQueue).
Parsing file /workspace/.scratch/snmp-switch-formal/check-current/TestSwitch.tla
Parsing file /workspace/.scratch/snmp-switch-formal/check-current/Switch.tla
Parsing file /tmp/Integers.tla
Parsing file /tmp/FiniteSets.tla
Parsing file /tmp/Sequences.tla
Parsing file /tmp/Naturals.tla
Semantic processing of module Naturals
Semantic processing of module Integers
Semantic processing of module Sequences
Semantic processing of module FiniteSets
Semantic processing of module Switch
Semantic processing of module TestSwitch
Starting... (2026-09-08 14:59:32)
Computing initial states...
Finished computing initial states: 1 distinct state generated at 2026-09-08 14:59:32.
Progress(18) at 2026-09-08 14:59:35: 92,690 states generated (92,690 s/min), 18,090 distinct states found (18,090 ds/min), 2,953 states left on queue.
Model checking completed. No error has been found.
  Estimates of the probability that TLC did not check all reachable states
  because two distinct states had the same fingerprint:
  calculated (optimistic):  val = 3.3E-10
  based on the actual fingerprints:  val = 4.4E-11
213281 states generated, 34450 distinct states found, 0 states left on queue.
The depth of the complete state graph search is 32.
The average outdegree of the complete state graph is 1 (minimum is 0, the maximum 7 and the 95th percentile is 3).
Finished in 07s at (2026-09-08 14:59:39)
