TLC2 Version 2.19 of 08 August 2024 (rev: 5a47802)
Running breadth-first search Model-Checking with fp 0 and seed 20260907 with 1 worker on 4 cores with 1820MB heap and 64MB offheap memory [pid: 192247] (Linux 6.12.101+deb13-amd64 amd64, Eclipse Adoptium 21.0.12.1 x86_64, MSBDiskFPSet, DiskStateQueue).
Parsing file /workspace/.scratch/snmp-switch-formal/check-current/TestSwitch.tla
Parsing file /workspace/.scratch/snmp-switch-formal/check-current/Switch.tla
Parsing file /tmp/Integers.tla
Parsing file /tmp/FiniteSets.tla
Parsing file /tmp/Sequences.tla
Parsing file /tmp/Naturals.tla
Semantic processing of module Naturals
Semantic processing of module Integers
Semantic processing of module Sequences
Semantic processing of module FiniteSets
Semantic processing of module Switch
Semantic processing of module TestSwitch
Starting... (2026-09-08 14:59:40)
Computing initial states...
Finished computing initial states: 1 distinct state generated at 2026-09-08 14:59:40.
Progress(10) at 2026-09-08 14:59:43: 127,905 states generated (127,905 s/min), 14,861 distinct states found (14,861 ds/min), 4,413 states left on queue.
Progress(19) at 2026-09-08 15:00:43: 3,269,608 states generated (3,141,703 s/min), 342,263 distinct states found (327,402 ds/min), 69,681 states left on queue.
Model checking completed. No error has been found.
  Estimates of the probability that TLC did not check all reachable states
  because two distinct states had the same fingerprint:
  calculated (optimistic):  val = 1.6E-7
  based on the actual fingerprints:  val = 3.9E-8
6210325 states generated, 516960 distinct states found, 0 states left on queue.
The depth of the complete state graph search is 27.
The average outdegree of the complete state graph is 1 (minimum is 0, the maximum 11 and the 95th percentile is 3).
Finished in 01min 57s at (2026-09-08 15:01:37)
