TLC2 Version 2.19 of 08 August 2024 (rev: 5a47802)
Running breadth-first search Model-Checking with fp 0 and seed 20260907 with 1 worker on 4 cores with 1820MB heap and 64MB offheap memory [pid: 191342] (Linux 6.12.101+deb13-amd64 amd64, Eclipse Adoptium 21.0.12.1 x86_64, MSBDiskFPSet, DiskStateQueue).
Parsing file /workspace/.scratch/snmp-switch-formal/check-current/ReadAccess.tla
Parsing file /tmp/Naturals.tla
Parsing file /tmp/FiniteSets.tla
Parsing file /tmp/Sequences.tla
Semantic processing of module Naturals
Semantic processing of module Sequences
Semantic processing of module FiniteSets
Semantic processing of module ReadAccess
Starting... (2026-09-08 14:58:11)
Implied-temporal checking--satisfiability problem has 1 branches.
Computing initial states...
Computed 2 initial states...
Computed 4 initial states...
Finished computing initial states: 8 distinct states generated at 2026-09-08 14:58:11.
Checking temporal properties for the current state space with 11306 total distinct states at (2026-09-08 14:58:14)
Finished checking temporal properties in 00s at 2026-09-08 14:58:15
Progress(5) at 2026-09-08 14:58:15: 253,688 states generated (253,688 s/min), 11,306 distinct states found (11,306 ds/min), 4,313 states left on queue.
Progress(8) at 2026-09-08 14:58:47: 3,435,528 states generated, 95,744 distinct states found, 0 states left on queue.
Checking temporal properties for the complete state space with 95744 total distinct states at (2026-09-08 14:58:47)
Finished checking temporal properties in 05s at 2026-09-08 14:58:52
Model checking completed. No error has been found.
  Estimates of the probability that TLC did not check all reachable states
  because two distinct states had the same fingerprint:
  calculated (optimistic):  val = 1.7E-8
  based on the actual fingerprints:  val = 1.8E-10
3435528 states generated, 95744 distinct states found, 0 states left on queue.
The depth of the complete state graph search is 8.
The average outdegree of the complete state graph is 1 (minimum is 0, the maximum 31 and the 95th percentile is 1).
Finished in 41s at (2026-09-08 14:58:52)
