TLC2 Version 2.19 of 08 August 2024 (rev: 5a47802)
Running breadth-first search Model-Checking with fp 0 and seed 20260907 with 1 worker on 4 cores with 1820MB heap and 64MB offheap memory [pid: 192478] (Linux 6.12.101+deb13-amd64 amd64, Eclipse Adoptium 21.0.12.1 x86_64, MSBDiskFPSet, DiskStateQueue).
Parsing file /workspace/.scratch/snmp-switch-formal/check-current/ReadAccess.tla
Parsing file /tmp/Naturals.tla
Parsing file /tmp/FiniteSets.tla
Parsing file /tmp/Sequences.tla
Semantic processing of module Naturals
Semantic processing of module Sequences
Semantic processing of module FiniteSets
Semantic processing of module ReadAccess
Starting... (2026-09-08 15:01:40)
Implied-temporal checking--satisfiability problem has 1 branches.
Computing initial states...
Finished computing initial states: 1 distinct state generated at 2026-09-08 15:01:41.
Progress(10) at 2026-09-08 15:01:42: 87,553 states generated, 3,420 distinct states found, 0 states left on queue.
Checking temporal properties for the complete state space with 3420 total distinct states at (2026-09-08 15:01:42)
Finished checking temporal properties in 00s at 2026-09-08 15:01:42
Model checking completed. No error has been found.
  Estimates of the probability that TLC did not check all reachable states
  because two distinct states had the same fingerprint:
  calculated (optimistic):  val = 1.6E-11
87553 states generated, 3420 distinct states found, 0 states left on queue.
The depth of the complete state graph search is 10.
The average outdegree of the complete state graph is 1 (minimum is 0, the maximum 12 and the 95th percentile is 5).
Finished in 01s at (2026-09-08 15:01:42)
