TLC2 Version 2.19 of 08 August 2024 (rev: 5a47802)
Running breadth-first search Model-Checking with fp 0 and seed 20260907 with 1 worker on 4 cores with 910MB heap and 64MB offheap memory [pid: 236927] (Linux 6.12.101+deb13-amd64 amd64, Eclipse Adoptium 21.0.12.1 x86_64, MSBDiskFPSet, DiskStateQueue).
Parsing file /workspace/.scratch/snmp-switch-formal/group-initial-inputs/GroupedAccessScenarios.tla
Parsing file /workspace/.scratch/snmp-switch-formal/group-initial-inputs/GroupedAccess.tla
Parsing file /workspace/.scratch/snmp-switch-formal/group-initial-inputs/TestSwitch.tla
Parsing file /workspace/.scratch/snmp-switch-formal/group-initial-inputs/Switch.tla
Parsing file /tmp/Integers.tla
Parsing file /tmp/FiniteSets.tla
Parsing file /tmp/Sequences.tla
Parsing file /tmp/Naturals.tla
Parsing file /workspace/.scratch/snmp-switch-formal/group-initial-inputs/SetTransactions.tla
Parsing file /workspace/.scratch/snmp-switch-formal/group-initial-inputs/ReadAccess.tla
Semantic processing of module Naturals
Semantic processing of module Integers
Semantic processing of module Sequences
Semantic processing of module FiniteSets
Semantic processing of module Switch
Semantic processing of module TestSwitch
Semantic processing of module ReadAccess
Semantic processing of module SetTransactions
Semantic processing of module GroupedAccess
Semantic processing of module GroupedAccessScenarios
Semantic errors:

*** Errors: 2

line 140, col 20 to line 140, col 23 of module GroupedAccessScenarios

Unknown operator: `name'.


line 140, col 57 to line 140, col 61 of module GroupedAccessScenarios

Unknown operator: `start'.



Starting... (2026-09-08 20:41:38)
Error: Parsing or semantic analysis failed.
Finished in 00s at (2026-09-08 20:41:39)
