TLC2 Version 2.19 of 08 August 2024 (rev: 5a47802)
Running breadth-first search Model-Checking with fp 0 and seed 20260907 with 1 worker on 4 cores with 1820MB heap and 64MB offheap memory [pid: 186790] (Linux 6.12.101+deb13-amd64 amd64, Eclipse Adoptium 21.0.12.1 x86_64, MSBDiskFPSet, DiskStateQueue).
Parsing file /workspace/.scratch/snmp-switch-formal/check-integrated/SetTransactions.tla
Parsing file /workspace/.scratch/snmp-switch-formal/check-integrated/TestSwitch.tla
Parsing file /workspace/.scratch/snmp-switch-formal/check-integrated/Switch.tla
Parsing file /tmp/Integers.tla
Parsing file /tmp/FiniteSets.tla
Parsing file /tmp/Sequences.tla
Parsing file /tmp/Naturals.tla
Parsing file /workspace/.scratch/snmp-switch-formal/check-integrated/ReadAccess.tla
Semantic processing of module Naturals
Semantic processing of module Integers
Semantic processing of module Sequences
Semantic processing of module FiniteSets
Semantic processing of module Switch
Semantic processing of module TestSwitch
Semantic processing of module ReadAccess
Semantic processing of module SetTransactions
Starting... (2026-09-08 14:35:11)
Implied-temporal checking--satisfiability problem has 1 branches.
Computing initial states...
Computed 2 initial states...
Finished computing initial states: 4 distinct states generated at 2026-09-08 14:35:11.
Checking temporal properties for the current state space with 21308 total distinct states at (2026-09-08 14:35:14)
Finished checking temporal properties in 00s at 2026-09-08 14:35:14
Progress(3) at 2026-09-08 14:35:14: 31,239 states generated (31,239 s/min), 21,308 distinct states found (21,308 ds/min), 19,520 states left on queue.
Checking temporal properties for the current state space with 327468 total distinct states at (2026-09-08 14:36:14)
Finished checking temporal properties in 03s at 2026-09-08 14:36:17
Progress(5) at 2026-09-08 14:36:17: 983,046 states generated (951,807 s/min), 327,468 distinct states found (306,160 ds/min), 242,231 states left on queue.
Checking temporal properties for the current state space with 627170 total distinct states at (2026-09-08 14:37:17)
Finished checking temporal properties in 08s at 2026-09-08 14:37:26
Progress(6) at 2026-09-08 14:37:26: 2,184,456 states generated (1,201,410 s/min), 627,170 distinct states found (299,702 ds/min), 432,336 states left on queue.
Checking temporal properties for the current state space with 892385 total distinct states at (2026-09-08 14:38:26)
Finished checking temporal properties in 10s at 2026-09-08 14:38:36
Progress(6) at 2026-09-08 14:38:36: 3,109,111 states generated (924,655 s/min), 892,385 distinct states found (265,215 ds/min), 614,639 states left on queue.
Checking temporal properties for the current state space with 1123288 total distinct states at (2026-09-08 14:39:36)
Finished checking temporal properties in 14s at 2026-09-08 14:39:51
Progress(6) at 2026-09-08 14:39:51: 4,114,408 states generated (1,005,297 s/min), 1,123,288 distinct states found (230,903 ds/min), 753,675 states left on queue.
Checking temporal properties for the current state space with 1324398 total distinct states at (2026-09-08 14:40:51)
Finished checking temporal properties in 18s at 2026-09-08 14:41:09
Progress(6) at 2026-09-08 14:41:09: 4,813,915 states generated (699,507 s/min), 1,324,398 distinct states found (201,110 ds/min), 894,090 states left on queue.
