Checking ActiveLiveness
ActiveLiveness: PASS {'generated': 24, 'distinct': 15, 'queue': 0}
Checking AgingLiveness
AgingLiveness: PASS {'generated': 6, 'distinct': 5, 'queue': 0}
Checking LiveEditRace
LiveEditRace: PASS {'generated': 81313, 'distinct': 10164, 'queue': 0}
Checking MultiSource
MultiSource: PASS {'generated': 12333, 'distinct': 1694, 'queue': 0}
Checking ReadAccess
ReadAccess: PASS {'generated': 3435528, 'distinct': 95744, 'queue': 0}
Checking ScenarioAttachmentABA
ScenarioAttachmentABA: PASS {'generated': 15, 'distinct': 14, 'queue': 0}
Checking ScenarioDeleteFallback
ScenarioDeleteFallback: PASS {'generated': 27, 'distinct': 25, 'queue': 0}
Checking ScenarioDuplicateMacMove
ScenarioDuplicateMacMove: PASS {'generated': 14, 'distinct': 13, 'queue': 0}
Checking ScenarioDuplicateMacVlans
ScenarioDuplicateMacVlans: PASS {'generated': 16, 'distinct': 14, 'queue': 0}
Checking ScenarioFaultAndDirect
ScenarioFaultAndDirect: PASS {'generated': 20, 'distinct': 19, 'queue': 0}
Checking ScenarioInstanceABA
ScenarioInstanceABA: PASS {'generated': 14, 'distinct': 13, 'queue': 0}
Checking ScenarioLiveEdit
ScenarioLiveEdit: PASS {'generated': 22, 'distinct': 20, 'queue': 0}
Checking ScenarioPauseManual
ScenarioPauseManual: PASS {'generated': 15, 'distinct': 14, 'queue': 0}
Checking ScenarioPortABA
ScenarioPortABA: PASS {'generated': 15, 'distinct': 13, 'queue': 0}
Checking ScenarioReboot
ScenarioReboot: PASS {'generated': 13, 'distinct': 12, 'queue': 0}
Checking ScenarioSelectiveAndPvid
ScenarioSelectiveAndPvid: PASS {'generated': 24, 'distinct': 22, 'queue': 0}
Checking ScenarioSharedCache
ScenarioSharedCache: PASS {'generated': 27, 'distinct': 24, 'queue': 0}
Checking ScenarioStaleEdit
ScenarioStaleEdit: PASS {'generated': 14, 'distinct': 13, 'queue': 0}
Checking ScenarioTrapOverflow
ScenarioTrapOverflow: PASS {'generated': 8, 'distinct': 6, 'queue': 0}
Checking ScenarioUnknownTag
ScenarioUnknownTag: PASS {'generated': 19, 'distinct': 18, 'queue': 0}
Checking ScenarioVlanABA
ScenarioVlanABA: PASS {'generated': 20, 'distinct': 17, 'queue': 0}
Checking SharedPort
SharedPort: PASS {'generated': 213281, 'distinct': 34450, 'queue': 0}
Checking Smoke
Smoke: PASS {'generated': 6210325, 'distinct': 516960, 'queue': 0}
Checking TrapDrainLiveness
TrapDrainLiveness: PASS {'generated': 22, 'distinct': 14, 'queue': 0}
Checking VlanLifecycle
VlanLifecycle: PASS {'generated': 4121, 'distinct': 596, 'queue': 0}
