
****** SANY2 Version 2.2 created 08 July 2020

Parsing file /mnt/data/snmp-switch-v2/Switch.tla
Parsing file /tmp/tlc-2644291211732465269/Naturals.tla (jar:file:/mnt/data/tools/tla2tools.jar!/tla2sany/StandardModules/Naturals.tla)
Parsing file /tmp/tlc-2644291211732465269/FiniteSets.tla (jar:file:/mnt/data/tools/tla2tools.jar!/tla2sany/StandardModules/FiniteSets.tla)
Parsing file /tmp/tlc-2644291211732465269/Sequences.tla (jar:file:/mnt/data/tools/tla2tools.jar!/tla2sany/StandardModules/Sequences.tla)
Semantic processing of module Naturals
Semantic processing of module Sequences
Semantic processing of module FiniteSets
Semantic processing of module Switch
Linting of module Switch

****** SANY2 Version 2.2 created 08 July 2020

Parsing file /mnt/data/snmp-switch-v2/TestSwitch.tla
Parsing file /mnt/data/snmp-switch-v2/Switch.tla
Parsing file /tmp/tlc-2644291211732465269/Naturals.tla (jar:file:/mnt/data/tools/tla2tools.jar!/tla2sany/StandardModules/Naturals.tla)
Parsing file /tmp/tlc-2644291211732465269/FiniteSets.tla (jar:file:/mnt/data/tools/tla2tools.jar!/tla2sany/StandardModules/FiniteSets.tla)
Parsing file /tmp/tlc-2644291211732465269/Sequences.tla (jar:file:/mnt/data/tools/tla2tools.jar!/tla2sany/StandardModules/Sequences.tla)
Semantic processing of module Naturals
Semantic processing of module Sequences
Semantic processing of module FiniteSets
Semantic processing of module Switch
Semantic processing of module TestSwitch
Linting of module Switch
Linting of module TestSwitch

****** SANY2 Version 2.2 created 08 July 2020

Parsing file /mnt/data/snmp-switch-v2/Scenarios.tla
Parsing file /mnt/data/snmp-switch-v2/TestSwitch.tla
Parsing file /mnt/data/snmp-switch-v2/Switch.tla
Parsing file /tmp/tlc-2644291211732465269/Naturals.tla (jar:file:/mnt/data/tools/tla2tools.jar!/tla2sany/StandardModules/Naturals.tla)
Parsing file /tmp/tlc-2644291211732465269/FiniteSets.tla (jar:file:/mnt/data/tools/tla2tools.jar!/tla2sany/StandardModules/FiniteSets.tla)
Parsing file /tmp/tlc-2644291211732465269/Sequences.tla (jar:file:/mnt/data/tools/tla2tools.jar!/tla2sany/StandardModules/Sequences.tla)
Semantic processing of module Naturals
Semantic processing of module Sequences
Semantic processing of module FiniteSets
Semantic processing of module Switch
Semantic processing of module TestSwitch
Semantic processing of module Scenarios
Linting of module Switch
Linting of module TestSwitch
Linting of module Scenarios

****** SANY2 Version 2.2 created 08 July 2020

Parsing file /mnt/data/snmp-switch-v2/ReadAccess.tla
Parsing file /tmp/tlc-2644291211732465269/Naturals.tla (jar:file:/mnt/data/tools/tla2tools.jar!/tla2sany/StandardModules/Naturals.tla)
Parsing file /tmp/tlc-2644291211732465269/FiniteSets.tla (jar:file:/mnt/data/tools/tla2tools.jar!/tla2sany/StandardModules/FiniteSets.tla)
Parsing file /tmp/tlc-2644291211732465269/Sequences.tla (jar:file:/mnt/data/tools/tla2tools.jar!/tla2sany/StandardModules/Sequences.tla)
Semantic processing of module Naturals
Semantic processing of module Sequences
Semantic processing of module FiniteSets
Semantic processing of module ReadAccess
Linting of module ReadAccess
