TLC2 Version 2026.08.21.155922 (rev: 9787e65)
Running breadth-first search Model-Checking with fp 0 and seed 20260907 with 1 worker on 4 cores with 1820MB heap and 64MB offheap memory [pid: 2691] (Linux 6.18.35 amd64, Debian 21.0.11 64bit, MSBDiskFPSet, DiskStateQueue).
Parsing file /mnt/data/snmp-switch-v2/TestSwitch.tla
Parsing file /mnt/data/snmp-switch-v2/Switch.tla
Parsing file /tmp/tlc-2688032281201592564/_TLCTrace.tla (jar:file:/mnt/data/tools/tla2tools.jar!/tla2sany/StandardModules/_TLCTrace.tla)
Parsing file /tmp/tlc-2688032281201592564/Naturals.tla (jar:file:/mnt/data/tools/tla2tools.jar!/tla2sany/StandardModules/Naturals.tla)
Parsing file /tmp/tlc-2688032281201592564/FiniteSets.tla (jar:file:/mnt/data/tools/tla2tools.jar!/tla2sany/StandardModules/FiniteSets.tla)
Parsing file /tmp/tlc-2688032281201592564/Sequences.tla (jar:file:/mnt/data/tools/tla2tools.jar!/tla2sany/StandardModules/Sequences.tla)
Parsing file /tmp/tlc-2688032281201592564/TLC.tla (jar:file:/mnt/data/tools/tla2tools.jar!/tla2sany/StandardModules/TLC.tla)
Parsing file /tmp/tlc-2688032281201592564/TLCExt.tla (jar:file:/mnt/data/tools/tla2tools.jar!/tla2sany/StandardModules/TLCExt.tla)
Parsing file /tmp/tlc-2688032281201592564/Integers.tla (jar:file:/mnt/data/tools/tla2tools.jar!/tla2sany/StandardModules/Integers.tla)
Semantic processing of module Naturals
Semantic processing of module Sequences
Semantic processing of module FiniteSets
Semantic processing of module Switch
Semantic processing of module TLC
Semantic processing of module Integers
Semantic processing of module TLCExt
Semantic processing of module _TLCTrace
Semantic processing of module TestSwitch
Linting of module Switch
Linting of module TLCExt
Linting of module _TLCTrace
Linting of module TestSwitch
Starting... (2026-09-07 20:50:46)
Computing initial states...
Finished computing initial states: 1 distinct state generated at 2026-09-07 20:50:47.
Progress(11) at 2026-09-07 20:50:50: 188,538 states generated (188,538 s/min), 22,519 distinct states found (22,519 ds/min), 6,999 states left on queue.
Progress(21) at 2026-09-07 20:51:50: 4,973,763 states generated (4,785,225 s/min), 469,845 distinct states found (447,326 ds/min), 55,102 states left on queue.
Model checking completed. No error has been found.
  Estimates of the probability that TLC did not check all reachable states
  because two distinct states had the same fingerprint:
  calculated (optimistic):  val = 1.6E-7
  based on the actual fingerprints:  val = 2.0E-8
6210325 states generated, 516960 distinct states found, 0 states left on queue.
The depth of the complete state graph search is 27.
The average outdegree of the complete state graph is 1 (minimum is 0, the maximum 11 and the 95th percentile is 3).
Finished in 01min 18s at (2026-09-07 20:52:04)
