TLC2 Version 2026.08.21.155922 (rev: 9787e65)
Running breadth-first search Model-Checking with fp 0 and seed 20260907 with 1 worker on 4 cores with 1820MB heap and 64MB offheap memory [pid: 2089] (Linux 6.18.35 amd64, Debian 21.0.11 64bit, MSBDiskFPSet, DiskStateQueue).
Parsing file /mnt/data/snmp-switch-v2/ReadAccess.tla
Parsing file /tmp/tlc-8498995587570410501/Naturals.tla (jar:file:/mnt/data/tools/tla2tools.jar!/tla2sany/StandardModules/Naturals.tla)
Parsing file /tmp/tlc-8498995587570410501/FiniteSets.tla (jar:file:/mnt/data/tools/tla2tools.jar!/tla2sany/StandardModules/FiniteSets.tla)
Parsing file /tmp/tlc-8498995587570410501/_TLCTrace.tla (jar:file:/mnt/data/tools/tla2tools.jar!/tla2sany/StandardModules/_TLCTrace.tla)
Parsing file /tmp/tlc-8498995587570410501/Sequences.tla (jar:file:/mnt/data/tools/tla2tools.jar!/tla2sany/StandardModules/Sequences.tla)
Parsing file /tmp/tlc-8498995587570410501/TLC.tla (jar:file:/mnt/data/tools/tla2tools.jar!/tla2sany/StandardModules/TLC.tla)
Parsing file /tmp/tlc-8498995587570410501/TLCExt.tla (jar:file:/mnt/data/tools/tla2tools.jar!/tla2sany/StandardModules/TLCExt.tla)
Parsing file /tmp/tlc-8498995587570410501/Integers.tla (jar:file:/mnt/data/tools/tla2tools.jar!/tla2sany/StandardModules/Integers.tla)
Semantic processing of module Naturals
Semantic processing of module Sequences
Semantic processing of module FiniteSets
Semantic processing of module TLC
Semantic processing of module Integers
Semantic processing of module TLCExt
Semantic processing of module _TLCTrace
Semantic processing of module ReadAccess
Linting of module TLCExt
Linting of module _TLCTrace
Linting of module ReadAccess
Starting... (2026-09-07 20:49:59)
Implied-temporal checking--satisfiability problem has 1 branches.
Computing initial states...
Computed 2 initial states...
Computed 4 initial states...
Finished computing initial states: 8 distinct states generated at 2026-09-07 20:49:59.
Checking temporal properties for the current state space with 46124 total distinct states at (2026-09-07 20:50:02)
Finished checking temporal properties in 00s at 2026-09-07 20:50:03
Progress(7) at 2026-09-07 20:50:03: 569,236 states generated (569,236 s/min), 46,124 distinct states found (46,124 ds/min), 30,966 states left on queue.
Progress(8) at 2026-09-07 20:50:19: 3,435,528 states generated, 95,744 distinct states found, 0 states left on queue.
Checking temporal properties for the complete state space with 95744 total distinct states at (2026-09-07 20:50:19)
Finished checking temporal properties in 03s at 2026-09-07 20:50:23
Model checking completed. No error has been found.
  Estimates of the probability that TLC did not check all reachable states
  because two distinct states had the same fingerprint:
  calculated (optimistic):  val = 1.7E-8
  based on the actual fingerprints:  val = 1.9E-10
3435528 states generated, 95744 distinct states found, 0 states left on queue.
The depth of the complete state graph search is 8.
The average outdegree of the complete state graph is 1 (minimum is 0, the maximum 31 and the 95th percentile is 1).
Finished in 23s at (2026-09-07 20:50:23)
