TLC2 Version 2026.08.21.155922 (rev: 9787e65)
Running breadth-first search Model-Checking with fp 0 and seed 20260907 with 1 worker on 4 cores with 1820MB heap and 64MB offheap memory [pid: 2063] (Linux 6.18.35 amd64, Debian 21.0.11 64bit, MSBDiskFPSet, DiskStateQueue).
Parsing file /mnt/data/snmp-switch-v2/TestSwitch.tla
Parsing file /mnt/data/snmp-switch-v2/Switch.tla
Parsing file /tmp/tlc-2749899177910573040/_TLCTrace.tla (jar:file:/mnt/data/tools/tla2tools.jar!/tla2sany/StandardModules/_TLCTrace.tla)
Parsing file /tmp/tlc-2749899177910573040/Naturals.tla (jar:file:/mnt/data/tools/tla2tools.jar!/tla2sany/StandardModules/Naturals.tla)
Parsing file /tmp/tlc-2749899177910573040/FiniteSets.tla (jar:file:/mnt/data/tools/tla2tools.jar!/tla2sany/StandardModules/FiniteSets.tla)
Parsing file /tmp/tlc-2749899177910573040/Sequences.tla (jar:file:/mnt/data/tools/tla2tools.jar!/tla2sany/StandardModules/Sequences.tla)
Parsing file /tmp/tlc-2749899177910573040/TLC.tla (jar:file:/mnt/data/tools/tla2tools.jar!/tla2sany/StandardModules/TLC.tla)
Parsing file /tmp/tlc-2749899177910573040/TLCExt.tla (jar:file:/mnt/data/tools/tla2tools.jar!/tla2sany/StandardModules/TLCExt.tla)
Parsing file /tmp/tlc-2749899177910573040/Integers.tla (jar:file:/mnt/data/tools/tla2tools.jar!/tla2sany/StandardModules/Integers.tla)
Semantic processing of module Naturals
Semantic processing of module Sequences
Semantic processing of module FiniteSets
Semantic processing of module Switch
Semantic processing of module TLC
Semantic processing of module Integers
Semantic processing of module TLCExt
Semantic processing of module _TLCTrace
Semantic processing of module TestSwitch
Linting of module Switch
Linting of module TLCExt
Linting of module _TLCTrace
Linting of module TestSwitch
Starting... (2026-09-07 20:49:58)
Computing initial states...
Finished computing initial states: 1 distinct state generated at 2026-09-07 20:49:58.
Model checking completed. No error has been found.
  Estimates of the probability that TLC did not check all reachable states
  because two distinct states had the same fingerprint:
  calculated (optimistic):  val = 9.8E-13
12333 states generated, 1694 distinct states found, 0 states left on queue.
The depth of the complete state graph search is 19.
The average outdegree of the complete state graph is 1 (minimum is 0, the maximum 6 and the 95th percentile is 3).
Finished in 01s at (2026-09-07 20:49:59)
