TLC2 Version 2026.08.21.155922 (rev: 9787e65)
Running breadth-first search Model-Checking with fp 0 and seed 20260907 with 1 worker on 4 cores with 1820MB heap and 64MB offheap memory [pid: 2307] (Linux 6.18.35 amd64, Debian 21.0.11 64bit, MSBDiskFPSet, DiskStateQueue).
Parsing file /mnt/data/snmp-switch-v2/Scenarios.tla
Parsing file /mnt/data/snmp-switch-v2/TestSwitch.tla
Parsing file /tmp/tlc-8421621932823030458/_TLCTrace.tla (jar:file:/mnt/data/tools/tla2tools.jar!/tla2sany/StandardModules/_TLCTrace.tla)
Parsing file /mnt/data/snmp-switch-v2/Switch.tla
Parsing file /tmp/tlc-8421621932823030458/Naturals.tla (jar:file:/mnt/data/tools/tla2tools.jar!/tla2sany/StandardModules/Naturals.tla)
Parsing file /tmp/tlc-8421621932823030458/FiniteSets.tla (jar:file:/mnt/data/tools/tla2tools.jar!/tla2sany/StandardModules/FiniteSets.tla)
Parsing file /tmp/tlc-8421621932823030458/Sequences.tla (jar:file:/mnt/data/tools/tla2tools.jar!/tla2sany/StandardModules/Sequences.tla)
Parsing file /tmp/tlc-8421621932823030458/TLC.tla (jar:file:/mnt/data/tools/tla2tools.jar!/tla2sany/StandardModules/TLC.tla)
Parsing file /tmp/tlc-8421621932823030458/TLCExt.tla (jar:file:/mnt/data/tools/tla2tools.jar!/tla2sany/StandardModules/TLCExt.tla)
Parsing file /tmp/tlc-8421621932823030458/Integers.tla (jar:file:/mnt/data/tools/tla2tools.jar!/tla2sany/StandardModules/Integers.tla)
Semantic processing of module Naturals
Semantic processing of module Sequences
Semantic processing of module FiniteSets
Semantic processing of module Switch
Semantic processing of module TestSwitch
Semantic processing of module TLC
Semantic processing of module Integers
Semantic processing of module TLCExt
Semantic processing of module _TLCTrace
Semantic processing of module Scenarios
Linting of module Switch
Linting of module TestSwitch
Linting of module TLCExt
Linting of module _TLCTrace
Linting of module Scenarios
Starting... (2026-09-07 20:50:28)
Implied-temporal checking--satisfiability problem has 1 branches.
Computing initial states...
Finished computing initial states: 1 distinct state generated at 2026-09-07 20:50:29.
Progress(19) at 2026-09-07 20:50:29: 20 states generated, 19 distinct states found, 0 states left on queue.
Checking temporal properties for the complete state space with 19 total distinct states at (2026-09-07 20:50:29)
Finished checking temporal properties in 00s at 2026-09-07 20:50:29
Model checking completed. No error has been found.
  Estimates of the probability that TLC did not check all reachable states
  because two distinct states had the same fingerprint:
  calculated (optimistic):  val = 1.0E-18
20 states generated, 19 distinct states found, 0 states left on queue.
The depth of the complete state graph search is 19.
The average outdegree of the complete state graph is 1 (minimum is 0, the maximum 1 and the 95th percentile is 1).
Finished in 00s at (2026-09-07 20:50:29)
