TLC2 Version 2.19 of 08 August 2024 (rev: 5a47802)
Running breadth-first search Model-Checking with fp 0 and seed 20260907 with 1 worker on 4 cores with 910MB heap and 64MB offheap memory [pid: 217666] (Linux 6.12.101+deb13-amd64 amd64, Eclipse Adoptium 21.0.12.1 x86_64, MSBDiskFPSet, DiskStateQueue).
Parsing file /workspace/.scratch/snmp-switch-formal/check-storage-ready/StorageOutcomes.tla
Parsing file /tmp/Naturals.tla
Parsing file /tmp/FiniteSets.tla
Parsing file /tmp/Sequences.tla
Semantic processing of module Naturals
Semantic processing of module Sequences
Semantic processing of module FiniteSets
Semantic processing of module StorageOutcomes
Starting... (2026-09-08 18:09:59)
Implied-temporal checking--satisfiability problem has 2 branches.
Computing initial states...
Finished computing initial states: 1 distinct state generated at 2026-09-08 18:09:59.
Checking 2 branches of temporal properties for the current state space with 19368 total distinct states at (2026-09-08 18:10:02)
Finished checking temporal properties in 00s at 2026-09-08 18:10:03
Progress(9) at 2026-09-08 18:10:03: 174,578 states generated (174,578 s/min), 9,684 distinct states found (9,684 ds/min), 2,289 states left on queue.
Progress(18) at 2026-09-08 18:10:07: 500,648 states generated, 20,849 distinct states found, 0 states left on queue.
Checking 2 branches of temporal properties for the complete state space with 41698 total distinct states at (2026-09-08 18:10:07)
Finished checking temporal properties in 00s at 2026-09-08 18:10:08
Model checking completed. No error has been found.
  Estimates of the probability that TLC did not check all reachable states
  because two distinct states had the same fingerprint:
  calculated (optimistic):  val = 5.4E-10
  based on the actual fingerprints:  val = 3.3E-10
500648 states generated, 20849 distinct states found, 0 states left on queue.
The depth of the complete state graph search is 18.
The average outdegree of the complete state graph is 1 (minimum is 0, the maximum 14 and the 95th percentile is 4).
Finished in 08s at (2026-09-08 18:10:08)
