TLC2 Version 2.19 of 08 August 2024 (rev: 5a47802)
Running breadth-first search Model-Checking with fp 0 and seed 20260907 with 1 worker on 4 cores with 910MB heap and 64MB offheap memory [pid: 202831] (Linux 6.12.101+deb13-amd64 amd64, Eclipse Adoptium 21.0.12.1 x86_64, MSBDiskFPSet, DiskStateQueue).
Parsing file /workspace/.scratch/snmp-switch-formal/check-entry-ready/SetResponseEntry.tla
Parsing file /workspace/.scratch/snmp-switch-formal/check-entry-ready/SetResponseLifecycle.tla
Parsing file /tmp/Sequences.tla
Parsing file /tmp/Naturals.tla
Parsing file /tmp/FiniteSets.tla
Semantic processing of module Naturals
Semantic processing of module Sequences
Semantic processing of module FiniteSets
Semantic processing of module SetResponseLifecycle
Semantic processing of module SetResponseEntry
Starting... (2026-09-08 17:06:03)
Implied-temporal checking--satisfiability problem has 1 branches.
Computing initial states...
Computed 2 initial states...
Computed 4 initial states...
Computed 8 initial states...
Computed 16 initial states...
Computed 32 initial states...
Computed 64 initial states...
Computed 128 initial states...
Finished computing initial states: 240 distinct states generated at 2026-09-08 17:06:03.
Progress(10) at 2026-09-08 17:06:03: 2,640 states generated, 2,400 distinct states found, 0 states left on queue.
Checking temporal properties for the complete state space with 2400 total distinct states at (2026-09-08 17:06:03)
Finished checking temporal properties in 00s at 2026-09-08 17:06:03
Model checking completed. No error has been found.
  Estimates of the probability that TLC did not check all reachable states
  because two distinct states had the same fingerprint:
  calculated (optimistic):  val = 3.1E-14
2640 states generated, 2400 distinct states found, 0 states left on queue.
The depth of the complete state graph search is 10.
The average outdegree of the complete state graph is 1 (minimum is 0, the maximum 1 and the 95th percentile is 1).
Finished in 01s at (2026-09-08 17:06:03)
