TLC2 Version 2.19 of 08 August 2024 (rev: 5a47802)
Running breadth-first search Model-Checking with fp 0 and seed 20260907 with 1 worker on 4 cores with 910MB heap and 64MB offheap memory [pid: 199442] (Linux 6.12.101+deb13-amd64 amd64, Eclipse Adoptium 21.0.12.1 x86_64, MSBDiskFPSet, DiskStateQueue).
Parsing file /workspace/.scratch/snmp-switch-formal/check-response-mutation-expiry_leaves_security/SetResponseLifecycle.tla
Parsing file /tmp/Naturals.tla
Parsing file /tmp/FiniteSets.tla
Parsing file /tmp/Sequences.tla
Semantic processing of module Naturals
Semantic processing of module Sequences
Semantic processing of module FiniteSets
Semantic processing of module SetResponseLifecycle
Starting... (2026-09-08 16:33:39)
Implied-temporal checking--satisfiability problem has 1 branches.
Computing initial states...
Computed 2 initial states...
Computed 4 initial states...
Finished computing initial states: 5 distinct states generated at 2026-09-08 16:33:40.
Error: Invariant TerminalOwnership is violated.
Error: The behavior up to this point is:
State 1: <Initial predicate>
life = [ engine |-> "e0",
  mp |-> [engine |-> "e0", owner |-> "mp0", reference |-> 0, record |-> "A"],
  security |->
      [engine |-> "e0", owner |-> "sec0", reference |-> 0, record |-> "A"],
  ticket |->
      [ engine |-> "e0",
        mp |->
            [engine |-> "e0", owner |-> "mp0", reference |-> 0, record |-> "A"],
        security |->
            [ engine |-> "e0",
              owner |-> "sec0",
              reference |-> 0,
              record |-> "A" ] ],
  phase |-> "queued",
  admission |-> TRUE,
  current |-> TRUE,
  kind |-> "change",
  outgoing |-> FALSE,
  didCommit |-> FALSE,
  delivery |-> "none",
  disposition |-> "none",
  terminalCount |-> 0,
  mpPops |-> 0,
  securityPops |-> 0,
  sendAttempts |-> 0,
  diagnostic |-> FALSE,
  lastAction |-> "init" ]

State 2: <Cancel line 47, col 5 to line 48, col 58 of module SetResponseLifecycle>
life = [ engine |-> "e0",
  mp |-> NoEntry,
  security |->
      [engine |-> "e0", owner |-> "sec0", reference |-> 0, record |-> "A"],
  ticket |-> NoTicket,
  phase |-> "terminal",
  admission |-> TRUE,
  current |-> TRUE,
  kind |-> "change",
  outgoing |-> FALSE,
  didCommit |-> FALSE,
  delivery |-> "canceled",
  disposition |-> "discard",
  terminalCount |-> 1,
  mpPops |-> 1,
  securityPops |-> 1,
  sendAttempts |-> 0,
  diagnostic |-> FALSE,
  lastAction |-> "expiry" ]

8 states generated, 8 distinct states found, 6 states left on queue.
The depth of the complete state graph search is 2.
Checkpointing of run /workspace/.scratch/snmp-switch-formal/runs/response-mutation-expiry_leaves_security/states/SetResponseLifecycle/26-09-08-16-33-38
Checkpointing completed at (2026-09-08 16:33:40)
Finished in 01s at (2026-09-08 16:33:40)
